Component: ARM Compiler 5.06 update 6 (build 750) Tool: armlink [4d35ed]

==============================================================================

Section Cross References

    main.o(i.GPIO_active) refers to stm32f10x_gpio.o(i.GPIO_SetBits) for GPIO_SetBits
    main.o(i.GPIO_active) refers to stm32f10x_gpio.o(i.GPIO_ResetBits) for GPIO_ResetBits
    main.o(i.GPIO_active) refers to main.o(.data) for tempset
    main.o(i.GT_esp32) refers to _printf_percent.o(.ARM.Collect$$_printf_percent$$00000000) for _printf_percent
    main.o(i.GT_esp32) refers to _printf_u.o(.ARM.Collect$$_printf_percent$$0000000A) for _printf_u
    main.o(i.GT_esp32) refers to _printf_dec.o(.text) for _printf_int_dec
    main.o(i.GT_esp32) refers to main.o(i.EXTI0_Config) for EXTI0_Config
    main.o(i.GT_esp32) refers to usart2.o(i.USART2_Config) for USART2_Config
    main.o(i.GT_esp32) refers to system_stm32f10x.o(i.SystemInit) for SystemInit
    main.o(i.GT_esp32) refers to system_stm32f10x.o(i.SystemCoreClockUpdate) for SystemCoreClockUpdate
    main.o(i.GT_esp32) refers to noretval__2sprintf.o(.text) for __2sprintf
    main.o(i.GT_esp32) refers to usart2.o(i.USART2_SendString) for USART2_SendString
    main.o(i.GT_esp32) refers to systick_time.o(i.DelayMs) for DelayMs
    main.o(i.GT_esp32) refers to main.o(.data) for TCI
    main.o(i.GT_esp32) refers to main.o(.bss) for Temp
    main.o(i.Setting) refers to main.o(i.gpio_Init) for gpio_Init
    main.o(i.Setting) refers to stm32f10x_gpio.o(i.GPIO_ReadInputDataBit) for GPIO_ReadInputDataBit
    main.o(i.Setting) refers to main.o(.data) for tempset
    main.o(i.gpio_Init) refers to stm32f10x_rcc.o(i.RCC_APB2PeriphClockCmd) for RCC_APB2PeriphClockCmd
    main.o(i.gpio_Init) refers to stm32f10x_gpio.o(i.GPIO_Init) for GPIO_Init
    main.o(i.gpio_Init) refers to main.o(.data) for GPIO_Structure
    main.o(i.hienthi_LCD) refers to _printf_percent.o(.ARM.Collect$$_printf_percent$$00000000) for _printf_percent
    main.o(i.hienthi_LCD) refers to _printf_u.o(.ARM.Collect$$_printf_percent$$0000000A) for _printf_u
    main.o(i.hienthi_LCD) refers to _printf_dec.o(.text) for _printf_int_dec
    main.o(i.hienthi_LCD) refers to systick_time.o(i.systick_init) for systick_init
    main.o(i.hienthi_LCD) refers to lcd_1602_drive.o(i.lcd_i2c_init) for lcd_i2c_init
    main.o(i.hienthi_LCD) refers to dht11.o(i.DHT11_Init) for DHT11_Init
    main.o(i.hienthi_LCD) refers to dht11.o(i.DHT11_Read_Data) for DHT11_Read_Data
    main.o(i.hienthi_LCD) refers to noretval__2sprintf.o(.text) for __2sprintf
    main.o(i.hienthi_LCD) refers to lcd_1602_drive.o(i.lcd_i2c_msg) for lcd_i2c_msg
    main.o(i.hienthi_LCD) refers to systick_time.o(i.DelayMs) for DelayMs
    main.o(i.hienthi_LCD) refers to main.o(.data) for TCD
    main.o(i.hienthi_LCD) refers to main.o(.bss) for line1
    main.o(i.main) refers to tasks.o(i.xTaskCreate) for xTaskCreate
    main.o(i.main) refers to tasks.o(i.vTaskStartScheduler) for vTaskStartScheduler
    main.o(i.main) refers to main.o(i.GT_esp32) for GT_esp32
    main.o(i.main) refers to main.o(i.hienthi_LCD) for hienthi_LCD
    main.o(i.main) refers to main.o(i.GPIO_active) for GPIO_active
    main.o(i.main) refers to main.o(i.Setting) for Setting
    timer2.o(i.delay_ms) refers to stm32f10x_tim.o(i.TIM_SetCounter) for TIM_SetCounter
    timer2.o(i.delay_ms) refers to stm32f10x_tim.o(i.TIM_GetCounter) for TIM_GetCounter
    timer2.o(i.delay_us) refers to stm32f10x_tim.o(i.TIM_SetCounter) for TIM_SetCounter
    timer2.o(i.delay_us) refers to stm32f10x_tim.o(i.TIM_GetCounter) for TIM_GetCounter
    timer2.o(i.timer2_Init) refers to stm32f10x_rcc.o(i.RCC_APB1PeriphClockCmd) for RCC_APB1PeriphClockCmd
    timer2.o(i.timer2_Init) refers to stm32f10x_tim.o(i.TIM_TimeBaseInit) for TIM_TimeBaseInit
    timer2.o(i.timer2_Init) refers to stm32f10x_tim.o(i.TIM_Cmd) for TIM_Cmd
    usart2.o(i.USART2_SendString) refers to usart2.o(i.USART2_SendChar) for USART2_SendChar
    usart2.o(i.fputc) refers to usart2.o(i.USART2_SendChar) for USART2_SendChar
    gp_drive.o(i.BLED) refers to gp_drive.o(i.W_GP) for W_GP
    gp_drive.o(i.B_init) refers to gp_drive.o(i.init_GP) for init_GP
    gp_drive.o(i.Digital_Input) refers to gp_drive.o(i.init_GP) for init_GP
    gp_drive.o(i.Digital_Output) refers to gp_drive.o(i.init_GP) for init_GP
    gp_drive.o(i.toggle_GP) refers to gp_drive.o(i.R_GP) for R_GP
    gp_drive.o(i.toggle_GP) refers to gp_drive.o(i.W_GP) for W_GP
    i2c_drive.o(i.i2c_init) refers to gp_drive.o(i.init_GP) for init_GP
    i2c_drive.o(i.i2c_write) refers to i2c_drive.o(i.i2c_start) for i2c_start
    i2c_drive.o(i.i2c_write) refers to i2c_drive.o(i.i2c_add) for i2c_add
    i2c_drive.o(i.i2c_write) refers to i2c_drive.o(i.i2c_data) for i2c_data
    i2c_drive.o(i.i2c_write) refers to i2c_drive.o(i.i2c_stop) for i2c_stop
    lcd_1602_drive.o(i.lcd_blank_1) refers to lcd_1602_drive.o(i.lcd_i2c_msg) for lcd_i2c_msg
[...]
    C:\Users\ASUS\AppData\Local\Arm\Packs\Keil\STM32F1xx_DFP\2.4.1\Device\StdPeriph_Driver\src\stm32f10x_rcc.c 0x00000000   Number         0  stm32f10x_rcc.o ABSOLUTE
    C:\Users\ASUS\AppData\Local\Arm\Packs\Keil\STM32F1xx_DFP\2.4.1\Device\StdPeriph_Driver\src\stm32f10x_rtc.c 0x00000000   Number         0  stm32f10x_rtc.o ABSOLUTE
    C:\Users\ASUS\AppData\Local\Arm\Packs\Keil\STM32F1xx_DFP\2.4.1\Device\StdPeriph_Driver\src\stm32f10x_tim.c 0x00000000   Number         0  stm32f10x_tim.o ABSOLUTE
    C:\Users\ASUS\AppData\Local\Arm\Packs\Keil\STM32F1xx_DFP\2.4.1\Device\StdPeriph_Driver\src\stm32f10x_usart.c 0x00000000   Number         0  stm32f10x_usart.o ABSOLUTE
    C:\\Users\\ASUS\\AppData\\Local\\Arm\\Packs\\ARM\\CMSIS-FreeRTOS\\10.4.6\\CMSIS\\RTOS2\\FreeRTOS\\Source\\ARM\\clib_arm.c 0x00000000   Number         0  clib_arm.o ABSOLUTE
    C:\\Users\\ASUS\\AppData\\Local\\Arm\\Packs\\ARM\\CMSIS-FreeRTOS\\10.4.6\\CMSIS\\RTOS2\\FreeRTOS\\Source\\cmsis_os2.c 0x00000000   Number         0  cmsis_os2.o ABSOLUTE
    C:\\Users\\ASUS\\AppData\\Local\\Arm\\Packs\\ARM\\CMSIS-FreeRTOS\\10.4.6\\CMSIS\\RTOS2\\FreeRTOS\\Source\\freertos_evr.c 0x00000000   Number         0  freertos_evr.o ABSOLUTE
    C:\\Users\\ASUS\\AppData\\Local\\Arm\\Packs\\ARM\\CMSIS-FreeRTOS\\10.4.6\\CMSIS\\RTOS2\\FreeRTOS\\Source\\os_systick.c 0x00000000   Number         0  os_systick.o ABSOLUTE
    C:\\Users\\ASUS\\AppData\\Local\\Arm\\Packs\\ARM\\CMSIS-FreeRTOS\\10.4.6\\Source\\event_groups.c 0x00000000   Number         0  event_groups.o ABSOLUTE
    C:\\Users\\ASUS\\AppData\\Local\\Arm\\Packs\\ARM\\CMSIS-FreeRTOS\\10.4.6\\Source\\list.c 0x00000000   Number         0  list.o ABSOLUTE
    C:\\Users\\ASUS\\AppData\\Local\\Arm\\Packs\\ARM\\CMSIS-FreeRTOS\\10.4.6\\Source\\portable\\MemMang\\heap_1.c 0x00000000   Number         0  heap_1.o ABSOLUTE
    C:\\Users\\ASUS\\AppData\\Local\\Arm\\Packs\\ARM\\CMSIS-FreeRTOS\\10.4.6\\Source\\portable\\RVDS\\ARM_CM3\\port.c 0x00000000   Number         0  port.o ABSOLUTE
    C:\\Users\\ASUS\\AppData\\Local\\Arm\\Packs\\ARM\\CMSIS-FreeRTOS\\10.4.6\\Source\\queue.c 0x00000000   Number         0  queue.o ABSOLUTE
    C:\\Users\\ASUS\\AppData\\Local\\Arm\\Packs\\ARM\\CMSIS-FreeRTOS\\10.4.6\\Source\\stream_buffer.c 0x00000000   Number         0  stream_buffer.o ABSOLUTE
    C:\\Users\\ASUS\\AppData\\Local\\Arm\\Packs\\ARM\\CMSIS-FreeRTOS\\10.4.6\\Source\\tasks.c 0x00000000   Number         0  tasks.o ABSOLUTE
    C:\\Users\\ASUS\\AppData\\Local\\Arm\\Packs\\ARM\\CMSIS-FreeRTOS\\10.4.6\\Source\\timers.c 0x00000000   Number         0  timers.o ABSOLUTE
    C:\\Users\\ASUS\\AppData\\Local\\Arm\\Packs\\Keil\\STM32F1xx_DFP\\2.4.1\\Device\\StdPeriph_Driver\\src\\misc.c 0x00000000   Number         0  misc.o ABSOLUTE
    C:\\Users\\ASUS\\AppData\\Local\\Arm\\Packs\\Keil\\STM32F1xx_DFP\\2.4.1\\Device\\StdPeriph_Driver\\src\\stm32f10x_gpio.c 0x00000000   Number         0  stm32f10x_gpio.o ABSOLUTE
    C:\\Users\\ASUS\\AppData\\Local\\Arm\\Packs\\Keil\\STM32F1xx_DFP\\2.4.1\\Device\\StdPeriph_Driver\\src\\stm32f10x_i2c.c 0x00000000   Number         0  stm32f10x_i2c.o ABSOLUTE
    C:\\Users\\ASUS\\AppData\\Local\\Arm\\Packs\\Keil\\STM32F1xx_DFP\\2.4.1\\Device\\StdPeriph_Driver\\src\\stm32f10x_rcc.c 0x00000000   Number         0  stm32f10x_rcc.o ABSOLUTE
    C:\\Users\\ASUS\\AppData\\Local\\Arm\\Packs\\Keil\\STM32F1xx_DFP\\2.4.1\\Device\\StdPeriph_Driver\\src\\stm32f10x_rtc.c 0x00000000   Number         0  stm32f10x_rtc.o ABSOLUTE
    C:\\Users\\ASUS\\AppData\\Local\\Arm\\Packs\\Keil\\STM32F1xx_DFP\\2.4.1\\Device\\StdPeriph_Driver\\src\\stm32f10x_tim.c 0x00000000   Number         0  stm32f10x_tim.o ABSOLUTE
    C:\\Users\\ASUS\\AppData\\Local\\Arm\\Packs\\Keil\\STM32F1xx_DFP\\2.4.1\\Device\\StdPeriph_Driver\\src\\stm32f10x_usart.c 0x00000000   Number         0  stm32f10x_usart.o ABSOLUTE
    RTE\Device\STM32F103C8\startup_stm32f10x_md.s 0x00000000   Number         0  startup_stm32f10x_md.o ABSOLUTE
    RTE\Device\STM32F103C8\system_stm32f10x.c 0x00000000   Number         0  system_stm32f10x.o ABSOLUTE
    RTE\\Device\\STM32F103C8\\system_stm32f10x.c 0x00000000   Number         0  system_stm32f10x.o ABSOLUTE
    dc.s                                     0x00000000   Number         0  dc.o ABSOLUTE
    RESET                                    0x08000000   Section      236  startup_stm32f10x_md.o(RESET)
    !!!main                                  0x080000ec   Section        8  __main.o(!!!main)
    !!!scatter                               0x080000f4   Section       52  __scatter.o(!!!scatter)
    !!handler_copy                           0x08000128   Section       26  __scatter_copy.o(!!handler_copy)
    !!handler_zi                             0x08000144   Section       28  __scatter_zi.o(!!handler_zi)
    .ARM.Collect$$_printf_percent$$00000000  0x08000160   Section        0  _printf_percent.o(.ARM.Collect$$_printf_percent$$00000000)
    .ARM.Collect$$_printf_percent$$0000000A  0x08000160   Section        6  _printf_u.o(.ARM.Collect$$_printf_percent$$0000000A)
    .ARM.Collect$$_printf_percent$$00000017  0x08000166   Section        4  _printf_percent_end.o(.ARM.Collect$$_printf_percent$$00000017)
    .ARM.Collect$$libinit$$00000000          0x0800016a   Section        2  libinit.o(.ARM.Collect$$libinit$$00000000)
    .ARM.Collect$$libinit$$00000002          0x0800016c   Section        0  libinit2.o(.ARM.Collect$$libinit$$00000002)
    .ARM.Collect$$libinit$$00000004          0x0800016c   Section        0  libinit2.o(.ARM.Collect$$libinit$$00000004)
    .ARM.Collect$$libinit$$0000000A          0x0800016c   Section        0  libinit2.o(.ARM.Collect$$libinit$$0000000A)
    .ARM.Collect$$libinit$$0000000C          0x0800016c   Section        0  libinit2.o(.ARM.Collect$$libinit$$0000000C)
    .ARM.Collect$$libinit$$0000000E          0x0800016c   Section        0  libinit2.o(.ARM.Collect$$libinit$$0000000E)
    .ARM.Collect$$libinit$$00000011          0x0800016c   Section        0  libinit2.o(.ARM.Collect$$libinit$$00000011)
    .ARM.Collect$$libinit$$00000013          0x0800016c   Section        0  libinit2.o(.ARM.Collect$$libinit$$00000013)
    .ARM.Collect$$libinit$$00000015          0x0800016c   Section        0  libinit2.o(.ARM.Collect$$libinit$$00000015)
    .ARM.Collect$$libinit$$00000017          0x0800016c   Section        0  libinit2.o(.ARM.Collect$$libinit$$00000017)
    .ARM.Collect$$libinit$$00000019          0x0800016c   Section        0  libinit2.o(.ARM.Collect$$libinit$$00000019)
    .ARM.Collect$$libinit$$0000001B          0x0800016c   Section        0  libinit2.o(.ARM.Collect$$libinit$$0000001B)
    .ARM.Collect$$libinit$$0000001D          0x0800016c   Section        0  libinit2.o(.ARM.Collect$$libinit$$0000001D)
    .ARM.Collect$$libinit$$0000001F          0x0800016c   Section        0  libinit2.o(.ARM.Collect$$libinit$$0000001F)
    .ARM.Collect$$libinit$$00000021          0x0800016c   Section        0  libinit2.o(.ARM.Collect$$libinit$$00000021)
    .ARM.Collect$$libinit$$00000023          0x0800016c   Section        0  libinit2.o(.ARM.Collect$$libinit$$00000023)
    .ARM.Collect$$libinit$$00000025          0x0800016c   Section        0  libinit2.o(.ARM.Collect$$libinit$$00000025)
    .ARM.Collect$$libinit$$0000002C          0x0800016c   Section        0  libinit2.o(.ARM.Collect$$libinit$$0000002C)
    .ARM.Collect$$libinit$$0000002E          0x0800016c   Section        0  libinit2.o(.ARM.Collect$$libinit$$0000002E)
    .ARM.Collect$$libinit$$00000030          0x0800016c   Section        0  libinit2.o(.ARM.Collect$$libinit$$00000030)
    .ARM.Collect$$libinit$$00000032          0x0800016c   Section        0  libinit2.o(.ARM.Collect$$libinit$$00000032)
    .ARM.Collect$$libinit$$00000033          0x0800016c   Section        2  libinit2.o(.ARM.Collect$$libinit$$00000033)
    .ARM.Collect$$libshutdown$$00000000      0x0800016e   Section        2  libshutdown.o(.ARM.Collect$$libshutdown$$00000000)
    .ARM.Collect$$libshutdown$$00000002      0x08000170   Section        0  libshutdown2.o(.ARM.Collect$$libshutdown$$00000002)
    .ARM.Collect$$libshutdown$$00000004      0x08000170   Section        0  libshutdown2.o(.ARM.Collect$$libshutdown$$00000004)
    .ARM.Collect$$libshutdown$$00000007      0x08000170   Section        0  libshutdown2.o(.ARM.Collect$$libshutdown$$00000007)
    .ARM.Collect$$libshutdown$$0000000A      0x08000170   Section        0  libshutdown2.o(.ARM.Collect$$libshutdown$$0000000A)
    .ARM.Collect$$libshutdown$$0000000C      0x08000170   Section        0  libshutdown2.o(.ARM.Collect$$libshutdown$$0000000C)
    .ARM.Collect$$libshutdown$$0000000F      0x08000170   Section        0  libshutdown2.o(.ARM.Collect$$libshutdown$$0000000F)
    .ARM.Collect$$libshutdown$$00000010      0x08000170   Section        2  libshutdown2.o(.ARM.Collect$$libshutdown$$00000010)
    .ARM.Collect$$rtentry$$00000000          0x08000172   Section        0  __rtentry.o(.ARM.Collect$$rtentry$$00000000)
    .ARM.Collect$$rtentry$$00000002          0x08000172   Section        0  __rtentry2.o(.ARM.Collect$$rtentry$$00000002)
    .ARM.Collect$$rtentry$$00000004          0x08000172   Section        6  __rtentry4.o(.ARM.Collect$$rtentry$$00000004)
    .ARM.Collect$$rtentry$$00000008          0x08000178   Section        8  __rtentry2.o(.ARM.Collect$$rtentry$$00000008)
    .ARM.Collect$$rtentry$$0000000A          0x08000180   Section        4  __rtentry2.o(.ARM.Collect$$rtentry$$0000000A)
    .ARM.Collect$$rtentry$$0000000C          0x08000184   Section        0  __rtentry2.o(.ARM.Collect$$rtentry$$0000000C)
    .ARM.Collect$$rtentry$$0000000D          0x08000184   Section        8  __rtentry2.o(.ARM.Collect$$rtentry$$0000000D)
    .ARM.Collect$$rtexit$$00000000           0x0800018c   Section        2  rtexit.o(.ARM.Collect$$rtexit$$00000000)
    .ARM.Collect$$rtexit$$00000002           0x0800018e   Section        0  rtexit2.o(.ARM.Collect$$rtexit$$00000002)
    .ARM.Collect$$rtexit$$00000003           0x0800018e   Section        4  rtexit2.o(.ARM.Collect$$rtexit$$00000003)
    .ARM.Collect$$rtexit$$00000004           0x08000192   Section        6  rtexit2.o(.ARM.Collect$$rtexit$$00000004)
    .emb_text                                0x08000198   Section      150  port.o(.emb_text)
    .text                                    0x08000230   Section       64  startup_stm32f10x_md.o(.text)
    .text                                    0x08000270   Section        0  noretval__2sprintf.o(.text)
    .text                                    0x08000298   Section        0  __printf.o(.text)
    .text                                    0x08000300   Section        0  _printf_dec.o(.text)
    .text                                    0x08000378   Section      138  rt_memcpy_v6.o(.text)
    .text                                    0x08000402   Section       16  aeabi_memset.o(.text)
    .text                                    0x08000412   Section       78  rt_memclr_w.o(.text)
    .text                                    0x08000460   Section        0  heapauxi.o(.text)
    .text                                    0x08000466   Section        0  _printf_intcommon.o(.text)
    .text                                    0x08000518   Section        0  _printf_char_common.o(.text)
    _printf_input_char                       0x08000519   Thumb Code    10  _printf_char_common.o(.text)
    .text                                    0x08000548   Section        0  _sputc.o(.text)
    .text                                    0x08000552   Section      100  rt_memcpy_w.o(.text)
    .text                                    0x080005b6   Section       68  rt_memclr.o(.text)
    .text                                    0x080005fa   Section       74  sys_stackheap_outer.o(.text)
    .text                                    0x08000644   Section        0  exit.o(.text)
    .text                                    0x08000658   Section        8  libspace.o(.text)
    .text                                    0x08000660   Section        0  sys_exit.o(.text)
    .text                                    0x0800066c   Section        2  use_no_semi.o(.text)
    .text                                    0x0800066e   Section        0  indicate_semi.o(.text)
    i.DHT11_Check                            0x08000670   Section        0  dht11.o(i.DHT11_Check)
    i.DHT11_Init                             0x080006c8   Section        0  dht11.o(i.DHT11_Init)
    i.DHT11_Pin_In                           0x080006f8   Section        0  dht11.o(i.DHT11_Pin_In)
    i.DHT11_Pin_Out                          0x08000714   Section        0  dht11.o(i.DHT11_Pin_Out)
    i.DHT11_Read_Bit                         0x08000730   Section        0  dht11.o(i.DHT11_Read_Bit)
    i.DHT11_Read_Byte                        0x08000788   Section        0  dht11.o(i.DHT11_Read_Byte)
    i.DHT11_Read_Data                        0x080007a8   Section        0  dht11.o(i.DHT11_Read_Data)
    i.DHT11_Rst                              0x08000818   Section        0  dht11.o(i.DHT11_Rst)
    i.DelayMillis                            0x08000848   Section        0  systick_time.o(i.DelayMillis)
    i.DelayMs                                0x0800086c   Section        0  systick_time.o(i.DelayMs)
    i.DelayUs                                0x0800087e   Section        0  systick_time.o(i.DelayUs)
    i.Delaymicro                             0x08000890   Section        0  systick_time.o(i.Delaymicro)
    i.EXTI0_Config                           0x080008b0   Section        0  main.o(i.EXTI0_Config)
    i.GPIO_Init                              0x0800091c   Section        0  stm32f10x_gpio.o(i.GPIO_Init)
    i.GPIO_ReadInputDataBit                  0x08000a32   Section        0  stm32f10x_gpio.o(i.GPIO_ReadInputDataBit)
    i.GPIO_ResetBits                         0x08000a44   Section        0  stm32f10x_gpio.o(i.GPIO_ResetBits)
    i.GPIO_SetBits                           0x08000a48   Section        0  stm32f10x_gpio.o(i.GPIO_SetBits)
    i.GPIO_active                            0x08000a4c   Section        0  main.o(i.GPIO_active)
    i.GT_esp32                               0x08000a94   Section        0  main.o(i.GT_esp32)
    i.PCF8574_add                            0x08000b04   Section        0  pcf8574_drive.o(i.PCF8574_add)
    i.PCF8574_tx_byte                        0x08000b16   Section        0  pcf8574_drive.o(i.PCF8574_tx_byte)
    i.RCC_APB2PeriphClockCmd                 0x08000b3c   Section        0  stm32f10x_rcc.o(i.RCC_APB2PeriphClockCmd)
    i.SetSysClock                            0x08000b5c   Section        0  system_stm32f10x.o(i.SetSysClock)
    SetSysClock                              0x08000b5d   Thumb Code     8  system_stm32f10x.o(i.SetSysClock)
    i.SetSysClockTo72                        0x08000b64   Section        0  system_stm32f10x.o(i.SetSysClockTo72)
    SetSysClockTo72                          0x08000b65   Thumb Code   214  system_stm32f10x.o(i.SetSysClockTo72)
    i.Setting                                0x08000c44   Section        0  main.o(i.Setting)
    i.SysTick_Handler                        0x08000c74   Section        0  cmsis_os2.o(i.SysTick_Handler)
    i.SystemCoreClockUpdate                  0x08000c8c   Section        0  system_stm32f10x.o(i.SystemCoreClockUpdate)
    i.SystemInit                             0x08000d30   Section        0  system_stm32f10x.o(i.SystemInit)
    i.USART2_Config                          0x08000d90   Section        0  usart2.o(i.USART2_Config)
    i.USART2_SendChar                        0x08000df4   Section        0  usart2.o(i.USART2_SendChar)
    i.USART2_SendString                      0x08000e10   Section        0  usart2.o(i.USART2_SendString)
    i._mutex_acquire                         0x08000e26   Section        0  clib_arm.o(i._mutex_acquire)
    __tagsym$$used                           0x08000e27   Number         0  clib_arm.o(i._mutex_acquire)
    i._mutex_free                            0x08000e3c   Section        0  clib_arm.o(i._mutex_free)
    __tagsym$$used                           0x08000e3d   Number         0  clib_arm.o(i._mutex_free)
    i._mutex_initialize                      0x08000e70   Section        0  clib_arm.o(i._mutex_initialize)
    __tagsym$$used                           0x08000e71   Number         0  clib_arm.o(i._mutex_initialize)
    i._mutex_release                         0x08000ed0   Section        0  clib_arm.o(i._mutex_release)
    __tagsym$$used                           0x08000ed1   Number         0  clib_arm.o(i._mutex_release)
    i._platform_post_stackheap_init          0x08000ee8   Section        0  clib_arm.o(i._platform_post_stackheap_init)
    i.gpio_Init                              0x08000eec   Section        0  main.o(i.gpio_Init)
    i.hienthi_LCD                            0x08000f28   Section        0  main.o(i.hienthi_LCD)
    i.i2c_add                                0x08000fcc   Section        0  i2c_drive.o(i.i2c_add)
    i.i2c_data                               0x08001070   Section        0  i2c_drive.o(i.i2c_data)
    i.i2c_init                               0x080010c8   Section        0  i2c_drive.o(i.i2c_init)
    i.i2c_start                              0x080011a4   Section        0  i2c_drive.o(i.i2c_start)
    i.i2c_stop                               0x080011f0   Section        0  i2c_drive.o(i.i2c_stop)
    i.init_GP                                0x08001244   Section        0  gp_drive.o(i.init_GP)
    i.lcd_i2c_cmd                            0x080012f8   Section        0  lcd_1602_drive.o(i.lcd_i2c_cmd)
    i.lcd_i2c_data                           0x08001378   Section        0  lcd_1602_drive.o(i.lcd_i2c_data)
    i.lcd_i2c_init                           0x080013f8   Section        0  lcd_1602_drive.o(i.lcd_i2c_init)
    i.lcd_i2c_msg                            0x0800151e   Section        0  lcd_1602_drive.o(i.lcd_i2c_msg)
    i.lcd_i2c_send                           0x08001572   Section        0  lcd_1602_drive.o(i.lcd_i2c_send)
    i.main                                   0x08001594   Section        0  main.o(i.main)
    i.os_kernel_is_active                    0x08001620   Section        0  clib_arm.o(i.os_kernel_is_active)
    os_kernel_is_active                      0x08001621   Thumb Code    18  clib_arm.o(i.os_kernel_is_active)
    i.prvAddCurrentTaskToDelayedList         0x08001634   Section        0  tasks.o(i.prvAddCurrentTaskToDelayedList)
    prvAddCurrentTaskToDelayedList           0x08001635   Thumb Code   140  tasks.o(i.prvAddCurrentTaskToDelayedList)
    i.prvAddNewTaskToReadyList               0x080016d8   Section        0  tasks.o(i.prvAddNewTaskToReadyList)
    prvAddNewTaskToReadyList                 0x080016d9   Thumb Code   204  tasks.o(i.prvAddNewTaskToReadyList)
    i.prvCheckForValidListAndQueue           0x080017c0   Section        0  timers.o(i.prvCheckForValidListAndQueue)
    prvCheckForValidListAndQueue             0x080017c1   Thumb Code    62  timers.o(i.prvCheckForValidListAndQueue)
    i.prvCheckTasksWaitingTermination        0x0800181c   Section        0  tasks.o(i.prvCheckTasksWaitingTermination)
    prvCheckTasksWaitingTermination          0x0800181d   Thumb Code    60  tasks.o(i.prvCheckTasksWaitingTermination)
    i.prvCopyDataFromQueue                   0x08001864   Section        0  queue.o(i.prvCopyDataFromQueue)
    prvCopyDataFromQueue                     0x08001865   Thumb Code    42  queue.o(i.prvCopyDataFromQueue)
    i.prvCopyDataToQueue                     0x0800188e   Section        0  queue.o(i.prvCopyDataToQueue)
    prvCopyDataToQueue                       0x0800188f   Thumb Code   126  queue.o(i.prvCopyDataToQueue)
    i.prvDeleteTCB                           0x0800190c   Section        0  tasks.o(i.prvDeleteTCB)
    prvDeleteTCB                             0x0800190d   Thumb Code    40  tasks.o(i.prvDeleteTCB)
    i.prvGetDisinheritPriorityAfterTimeout   0x08001934   Section        0  queue.o(i.prvGetDisinheritPriorityAfterTimeout)
    prvGetDisinheritPriorityAfterTimeout     0x08001935   Thumb Code    20  queue.o(i.prvGetDisinheritPriorityAfterTimeout)
    i.prvGetNextExpireTime                   0x08001948   Section        0  timers.o(i.prvGetNextExpireTime)
    prvGetNextExpireTime                     0x08001949   Thumb Code    36  timers.o(i.prvGetNextExpireTime)
    i.prvIdleTask                            0x08001970   Section        0  tasks.o(i.prvIdleTask)
    prvIdleTask                              0x08001971   Thumb Code    32  tasks.o(i.prvIdleTask)
    i.prvInitialiseMutex                     0x08001998   Section        0  queue.o(i.prvInitialiseMutex)
    prvInitialiseMutex                       0x08001999   Thumb Code    30  queue.o(i.prvInitialiseMutex)
    i.prvInitialiseNewQueue                  0x080019b6   Section        0  queue.o(i.prvInitialiseNewQueue)
    prvInitialiseNewQueue                    0x080019b7   Thumb Code    42  queue.o(i.prvInitialiseNewQueue)
    i.prvInitialiseNewTask                   0x080019e0   Section        0  tasks.o(i.prvInitialiseNewTask)
    prvInitialiseNewTask                     0x080019e1   Thumb Code   154  tasks.o(i.prvInitialiseNewTask)
    i.prvInitialiseTaskLists                 0x08001a7c   Section        0  tasks.o(i.prvInitialiseTaskLists)
    prvInitialiseTaskLists                   0x08001a7d   Thumb Code    70  tasks.o(i.prvInitialiseTaskLists)
    i.prvInsertTimerInActiveList             0x08001ae4   Section        0  timers.o(i.prvInsertTimerInActiveList)
    prvInsertTimerInActiveList               0x08001ae5   Thumb Code    80  timers.o(i.prvInsertTimerInActiveList)
    i.prvIsQueueEmpty                        0x08001b3c   Section        0  queue.o(i.prvIsQueueEmpty)
    prvIsQueueEmpty                          0x08001b3d   Thumb Code    26  queue.o(i.prvIsQueueEmpty)
    i.prvIsQueueFull                         0x08001b56   Section        0  queue.o(i.prvIsQueueFull)
    prvIsQueueFull                           0x08001b57   Thumb Code    30  queue.o(i.prvIsQueueFull)
    i.prvProcessExpiredTimer                 0x08001b74   Section        0  timers.o(i.prvProcessExpiredTimer)
    prvProcessExpiredTimer                   0x08001b75   Thumb Code    62  timers.o(i.prvProcessExpiredTimer)
    i.prvProcessReceivedCommands             0x08001bb8   Section        0  timers.o(i.prvProcessReceivedCommands)
    prvProcessReceivedCommands               0x08001bb9   Thumb Code   268  timers.o(i.prvProcessReceivedCommands)
    i.prvProcessTimerOrBlockTask             0x08001cc8   Section        0  timers.o(i.prvProcessTimerOrBlockTask)
    prvProcessTimerOrBlockTask               0x08001cc9   Thumb Code   102  timers.o(i.prvProcessTimerOrBlockTask)
    i.prvReloadTimer                         0x08001d3c   Section        0  timers.o(i.prvReloadTimer)
    prvReloadTimer                           0x08001d3d   Thumb Code    40  timers.o(i.prvReloadTimer)
    i.prvResetNextTaskUnblockTime            0x08001d64   Section        0  tasks.o(i.prvResetNextTaskUnblockTime)
    prvResetNextTaskUnblockTime              0x08001d65   Thumb Code    40  tasks.o(i.prvResetNextTaskUnblockTime)
    i.prvSampleTimeNow                       0x08001d94   Section        0  timers.o(i.prvSampleTimeNow)
    prvSampleTimeNow                         0x08001d95   Thumb Code    40  timers.o(i.prvSampleTimeNow)
    i.prvSwitchTimerLists                    0x08001dc0   Section        0  timers.o(i.prvSwitchTimerLists)
    prvSwitchTimerLists                      0x08001dc1   Thumb Code    58  timers.o(i.prvSwitchTimerLists)
    i.prvTaskExitError                       0x08001e04   Section        0  port.o(i.prvTaskExitError)
    prvTaskExitError                         0x08001e05   Thumb Code    22  port.o(i.prvTaskExitError)
    i.prvTimerTask                           0x08001e1a   Section        0  timers.o(i.prvTimerTask)
    prvTimerTask                             0x08001e1b   Thumb Code    26  timers.o(i.prvTimerTask)
    i.prvUnlockQueue                         0x08001e34   Section        0  queue.o(i.prvUnlockQueue)
    prvUnlockQueue                           0x08001e35   Thumb Code   126  queue.o(i.prvUnlockQueue)
    i.pvPortMalloc                           0x08001eb4   Section        0  heap_1.o(i.pvPortMalloc)
    i.pvTaskIncrementMutexHeldCount          0x08001f38   Section        0  tasks.o(i.pvTaskIncrementMutexHeldCount)
    i.pxPortInitialiseStack                  0x08001f58   Section        0  port.o(i.pxPortInitialiseStack)
    i.systick_init                           0x08001f7c   Section        0  systick_time.o(i.systick_init)
    i.uxListRemove                           0x08001f94   Section        0  list.o(i.uxListRemove)
    i.vApplicationGetIdleTaskMemory          0x08001fbc   Section        0  cmsis_os2.o(i.vApplicationGetIdleTaskMemory)
    i.vApplicationGetTimerTaskMemory         0x08001fd4   Section        0  cmsis_os2.o(i.vApplicationGetTimerTaskMemory)
    i.vApplicationStackOverflowHook          0x08001fec   Section        0  cmsis_os2.o(i.vApplicationStackOverflowHook)
    i.vListInitialise                        0x08001fee   Section        0  list.o(i.vListInitialise)
    i.vListInitialiseItem                    0x08002008   Section        0  list.o(i.vListInitialiseItem)
    i.vListInsert                            0x0800200e   Section        0  list.o(i.vListInsert)
    i.vPortEnterCritical                     0x08002044   Section        0  port.o(i.vPortEnterCritical)
    i.vPortExitCritical                      0x08002068   Section        0  port.o(i.vPortExitCritical)
    i.vPortFree                              0x08002088   Section        0  heap_1.o(i.vPortFree)
    i.vPortSetupTimerInterrupt               0x0800208c   Section        0  port.o(i.vPortSetupTimerInterrupt)
    i.vQueueDelete                           0x080020b4   Section        0  queue.o(i.vQueueDelete)
    i.vQueueWaitForMessageRestricted         0x080020c8   Section        0  queue.o(i.vQueueWaitForMessageRestricted)
    i.vTaskInternalSetTimeOutState           0x08002114   Section        0  tasks.o(i.vTaskInternalSetTimeOutState)
    i.vTaskMissedYield                       0x0800212c   Section        0  tasks.o(i.vTaskMissedYield)
    i.vTaskPlaceOnEventList                  0x08002138   Section        0  tasks.o(i.vTaskPlaceOnEventList)
    i.vTaskPlaceOnEventListRestricted        0x08002158   Section        0  tasks.o(i.vTaskPlaceOnEventListRestricted)
    i.vTaskPriorityDisinheritAfterTimeout    0x080021a4   Section        0  tasks.o(i.vTaskPriorityDisinheritAfterTimeout)
    i.vTaskStartScheduler                    0x08002264   Section        0  tasks.o(i.vTaskStartScheduler)
    i.vTaskSuspendAll                        0x08002300   Section        0  tasks.o(i.vTaskSuspendAll)
    i.vTaskSwitchContext                     0x08002310   Section        0  tasks.o(i.vTaskSwitchContext)
    i.xPortStartScheduler                    0x080023c0   Section        0  port.o(i.xPortStartScheduler)
    i.xPortSysTickHandler                    0x080023f4   Section        0  port.o(i.xPortSysTickHandler)
    i.xQueueCreateMutex                      0x08002428   Section        0  queue.o(i.xQueueCreateMutex)
    i.xQueueCreateMutexStatic                0x0800244a   Section        0  queue.o(i.xQueueCreateMutexStatic)
    i.xQueueGenericCreate                    0x08002474   Section        0  queue.o(i.xQueueGenericCreate)
    i.xQueueGenericCreateStatic              0x080024c6   Section        0  queue.o(i.xQueueGenericCreateStatic)
    i.xQueueGenericReset                     0x08002504   Section        0  queue.o(i.xQueueGenericReset)
    i.xQueueGenericSend                      0x080025a4   Section        0  queue.o(i.xQueueGenericSend)
    i.xQueueReceive                          0x080026bc   Section        0  queue.o(i.xQueueReceive)
    i.xQueueSemaphoreTake                    0x080027c0   Section        0  queue.o(i.xQueueSemaphoreTake)
    i.xTaskCheckForTimeOut                   0x080028f0   Section        0  tasks.o(i.xTaskCheckForTimeOut)
    i.xTaskCreate                            0x08002950   Section        0  tasks.o(i.xTaskCreate)
    i.xTaskCreateStatic                      0x080029b4   Section        0  tasks.o(i.xTaskCreateStatic)
    i.xTaskGetSchedulerState                 0x08002a04   Section        0  tasks.o(i.xTaskGetSchedulerState)
    i.xTaskGetTickCount                      0x08002a24   Section        0  tasks.o(i.xTaskGetTickCount)
    i.xTaskIncrementTick                     0x08002a30   Section        0  tasks.o(i.xTaskIncrementTick)
    i.xTaskPriorityDisinherit                0x08002bc0   Section        0  tasks.o(i.xTaskPriorityDisinherit)
    i.xTaskPriorityInherit                   0x08002c54   Section        0  tasks.o(i.xTaskPriorityInherit)
    i.xTaskRemoveFromEventList               0x08002d2c   Section        0  tasks.o(i.xTaskRemoveFromEventList)
    i.xTaskResumeAll                         0x08002e34   Section        0  tasks.o(i.xTaskResumeAll)
    i.xTimerCreateTimerTask                  0x08002f8c   Section        0  timers.o(i.xTimerCreateTimerTask)
    .data                                    0x20000000   Section       10  main.o(.data)
    .data                                    0x2000000c   Section       20  system_stm32f10x.o(.data)
    .data                                    0x20000020   Section        8  heap_1.o(.data)
    xNextFreeByte                            0x20000020   Data           4  heap_1.o(.data)
    pucAlignedHeap                           0x20000024   Data           4  heap_1.o(.data)
    .data                                    0x20000028   Section        4  port.o(.data)
    uxCriticalNesting                        0x20000028   Data           4  port.o(.data)
    .data                                    0x2000002c   Section       64  tasks.o(.data)
    pxDelayedTaskList                        0x20000030   Data           4  tasks.o(.data)
    pxOverflowDelayedTaskList                0x20000034   Data           4  tasks.o(.data)
    uxDeletedTasksWaitingCleanUp             0x20000038   Data           4  tasks.o(.data)
    uxCurrentNumberOfTasks                   0x2000003c   Data           4  tasks.o(.data)
    xTickCount                               0x20000040   Data           4  tasks.o(.data)
    uxTopReadyPriority                       0x20000044   Data           4  tasks.o(.data)
    xSchedulerRunning                        0x20000048   Data           4  tasks.o(.data)
    xPendedTicks                             0x2000004c   Data           4  tasks.o(.data)
    xYieldPending                            0x20000050   Data           4  tasks.o(.data)
    xNumOfOverflows                          0x20000054   Data           4  tasks.o(.data)
    uxTaskNumber                             0x20000058   Data           4  tasks.o(.data)
    xNextTaskUnblockTime                     0x2000005c   Data           4  tasks.o(.data)
    xIdleTaskHandle                          0x20000060   Data           4  tasks.o(.data)
    uxSchedulerSuspended                     0x20000068   Data           4  tasks.o(.data)
    .data                                    0x2000006c   Section       20  timers.o(.data)
    pxCurrentTimerList                       0x2000006c   Data           4  timers.o(.data)
    pxOverflowTimerList                      0x20000070   Data           4  timers.o(.data)
    xTimerQueue                              0x20000074   Data           4  timers.o(.data)
    xTimerTaskHandle                         0x20000078   Data           4  timers.o(.data)
    xLastTime                                0x2000007c   Data           4  timers.o(.data)
    .bss                                     0x20000080   Section       80  main.o(.bss)
    .bss                                     0x200000d0   Section      916  clib_arm.o(.bss)
    os_libspace                              0x200000d0   Data         480  clib_arm.o(.bss)
    os_libspace_id                           0x200002b0   Data          16  clib_arm.o(.bss)
    clib_mutex_cb                            0x200002c0   Data         400  clib_arm.o(.bss)
    clib_mutex_id                            0x20000450   Data          20  clib_arm.o(.bss)
    .bss                                     0x20000464   Section     1016  cmsis_os2.o(.bss)
    Idle_TCB                                 0x20000464   Data          92  cmsis_os2.o(.bss)
    Idle_Stack                               0x200004c0   Data         512  cmsis_os2.o(.bss)
    Timer_TCB                                0x200006c0   Data          92  cmsis_os2.o(.bss)
    Timer_Stack                              0x2000071c   Data         320  cmsis_os2.o(.bss)
    .bss                                     0x2000085c   Section     8192  heap_1.o(.bss)
    ucHeap                                   0x2000085c   Data        8192  heap_1.o(.bss)
    .bss                                     0x2000285c   Section     1220  tasks.o(.bss)
    pxReadyTasksLists                        0x2000285c   Data        1120  tasks.o(.bss)
    xDelayedTaskList1                        0x20002cbc   Data          20  tasks.o(.bss)
    xDelayedTaskList2                        0x20002cd0   Data          20  tasks.o(.bss)
    xPendingReadyList                        0x20002ce4   Data          20  tasks.o(.bss)
    xTasksWaitingTermination                 0x20002cf8   Data          20  tasks.o(.bss)
    xSuspendedTaskList                       0x20002d0c   Data          20  tasks.o(.bss)
    .bss                                     0x20002d20   Section      200  timers.o(.bss)
    xActiveTimerList1                        0x20002d20   Data          20  timers.o(.bss)
    xActiveTimerList2                        0x20002d34   Data          20  timers.o(.bss)
    xStaticTimerQueue                        0x20002d48   Data          80  timers.o(.bss)
    ucStaticTimerQueueStorage                0x20002d98   Data          80  timers.o(.bss)
    .bss                                     0x20002de8   Section       96  libspace.o(.bss)
    HEAP                                     0x20002e48   Section      512  startup_stm32f10x_md.o(HEAP)
    Heap_Mem                                 0x20002e48   Data         512  startup_stm32f10x_md.o(HEAP)
    STACK                                    0x20003048   Section     1024  startup_stm32f10x_md.o(STACK)
    Stack_Mem                                0x20003048   Data        1024  startup_stm32f10x_md.o(STACK)
    __initial_sp                             0x20003448   Data           0  startup_stm32f10x_md.o(STACK)

    Global Symbols

    Symbol Name                              Value     Ov Type        Size  Object(Section)

    BuildAttributes$$THM_ISAv4$P$D$K$B$S$PE$A:L22UL41UL21$X:L11$S22US41US21$IEEE1$IW$USESV6$~STKCKD$USESV7$~SHL$OSPACE$ROPI$EBA8$UX$STANDARDLIB$REQ8$PRES8$EABIv2 0x00000000   Number         0  anon$$obj.o ABSOLUTE
    __ARM_use_no_argv                        0x00000000   Number         0  main.o ABSOLUTE
    __ARM_exceptions_init                     - Undefined Weak Reference
    __alloca_initialize                       - Undefined Weak Reference
    __arm_preinit_                            - Undefined Weak Reference
    __cpp_initialize__aeabi_                  - Undefined Weak Reference
    __cxa_finalize                            - Undefined Weak Reference
    __rt_locale                               - Undefined Weak Reference
    __sigvec_lookup                           - Undefined Weak Reference
    _atexit_init                              - Undefined Weak Reference
    _call_atexit_fns                          - Undefined Weak Reference
    _clock_init                               - Undefined Weak Reference
    _fp_trap_init                             - Undefined Weak Reference
    _fp_trap_shutdown                         - Undefined Weak Reference
    _get_lc_collate                           - Undefined Weak Reference
    _get_lc_ctype                             - Undefined Weak Reference
    _get_lc_monetary                          - Undefined Weak Reference
    _get_lc_numeric                           - Undefined Weak Reference
    _get_lc_time                              - Undefined Weak Reference
    _getenv_init                              - Undefined Weak Reference
    _handle_redirection                       - Undefined Weak Reference
    _init_alloc                               - Undefined Weak Reference
    _init_user_alloc                          - Undefined Weak Reference
    _initio                                   - Undefined Weak Reference
    _printf_post_padding                      - Undefined Weak Reference
    _printf_pre_padding                       - Undefined Weak Reference
    _printf_truncate_signed                   - Undefined Weak Reference
    _printf_truncate_unsigned                 - Undefined Weak Reference
    _rand_init                                - Undefined Weak Reference
    _signal_finish                            - Undefined Weak Reference
    _signal_init                              - Undefined Weak Reference
    _terminate_alloc                          - Undefined Weak Reference
    _terminate_user_alloc                     - Undefined Weak Reference
    _terminateio                              - Undefined Weak Reference
    __Vectors_Size                           0x000000ec   Number         0  startup_stm32f10x_md.o ABSOLUTE
    __Vectors                                0x08000000   Data           4  startup_stm32f10x_md.o(RESET)
    __Vectors_End                            0x080000ec   Data           0  startup_stm32f10x_md.o(RESET)
    __main                                   0x080000ed   Thumb Code     8  __main.o(!!!main)
    __scatterload                            0x080000f5   Thumb Code     0  __scatter.o(!!!scatter)
    __scatterload_rt2                        0x080000f5   Thumb Code    44  __scatter.o(!!!scatter)
    __scatterload_rt2_thumb_only             0x080000f5   Thumb Code     0  __scatter.o(!!!scatter)
    __scatterload_null                       0x08000103   Thumb Code     0  __scatter.o(!!!scatter)
    __scatterload_copy                       0x08000129   Thumb Code    26  __scatter_copy.o(!!handler_copy)
    __scatterload_zeroinit                   0x08000145   Thumb Code    28  __scatter_zi.o(!!handler_zi)
    _printf_percent                          0x08000161   Thumb Code     0  _printf_percent.o(.ARM.Collect$$_printf_percent$$00000000)
    _printf_u                                0x08000161   Thumb Code     0  _printf_u.o(.ARM.Collect$$_printf_percent$$0000000A)
    _printf_percent_end                      0x08000167   Thumb Code     0  _printf_percent_end.o(.ARM.Collect$$_printf_percent$$00000017)
    __rt_lib_init                            0x0800016b   Thumb Code     0  libinit.o(.ARM.Collect$$libinit$$00000000)
    __rt_lib_init_alloca_1                   0x0800016d   Thumb Code     0  libinit2.o(.ARM.Collect$$libinit$$0000002E)
    __rt_lib_init_argv_1                     0x0800016d   Thumb Code     0  libinit2.o(.ARM.Collect$$libinit$$0000002C)
    __rt_lib_init_atexit_1                   0x0800016d   Thumb Code     0  libinit2.o(.ARM.Collect$$libinit$$0000001B)
    __rt_lib_init_clock_1                    0x0800016d   Thumb Code     0  libinit2.o(.ARM.Collect$$libinit$$00000021)
    __rt_lib_init_cpp_1                      0x0800016d   Thumb Code     0  libinit2.o(.ARM.Collect$$libinit$$00000032)
    __rt_lib_init_exceptions_1               0x0800016d   Thumb Code     0  libinit2.o(.ARM.Collect$$libinit$$00000030)
    __rt_lib_init_fp_1                       0x0800016d   Thumb Code     0  libinit2.o(.ARM.Collect$$libinit$$00000002)
    __rt_lib_init_fp_trap_1                  0x0800016d   Thumb Code     0  libinit2.o(.ARM.Collect$$libinit$$0000001F)
    __rt_lib_init_getenv_1                   0x0800016d   Thumb Code     0  libinit2.o(.ARM.Collect$$libinit$$00000023)
    __rt_lib_init_heap_1                     0x0800016d   Thumb Code     0  libinit2.o(.ARM.Collect$$libinit$$0000000A)
    __rt_lib_init_lc_collate_1               0x0800016d   Thumb Code     0  libinit2.o(.ARM.Collect$$libinit$$00000011)
    __rt_lib_init_lc_ctype_1                 0x0800016d   Thumb Code     0  libinit2.o(.ARM.Collect$$libinit$$00000013)
    __rt_lib_init_lc_monetary_1              0x0800016d   Thumb Code     0  libinit2.o(.ARM.Collect$$libinit$$00000015)
    __rt_lib_init_lc_numeric_1               0x0800016d   Thumb Code     0  libinit2.o(.ARM.Collect$$libinit$$00000017)
    __rt_lib_init_lc_time_1                  0x0800016d   Thumb Code     0  libinit2.o(.ARM.Collect$$libinit$$00000019)
    __rt_lib_init_preinit_1                  0x0800016d   Thumb Code     0  libinit2.o(.ARM.Collect$$libinit$$00000004)
    __rt_lib_init_rand_1                     0x0800016d   Thumb Code     0  libinit2.o(.ARM.Collect$$libinit$$0000000E)
    __rt_lib_init_return                     0x0800016d   Thumb Code     0  libinit2.o(.ARM.Collect$$libinit$$00000033)
    __rt_lib_init_signal_1                   0x0800016d   Thumb Code     0  libinit2.o(.ARM.Collect$$libinit$$0000001D)
    __rt_lib_init_stdio_1                    0x0800016d   Thumb Code     0  libinit2.o(.ARM.Collect$$libinit$$00000025)
    __rt_lib_init_user_alloc_1               0x0800016d   Thumb Code     0  libinit2.o(.ARM.Collect$$libinit$$0000000C)
    __rt_lib_shutdown                        0x0800016f   Thumb Code     0  libshutdown.o(.ARM.Collect$$libshutdown$$00000000)
    __rt_lib_shutdown_cpp_1                  0x08000171   Thumb Code     0  libshutdown2.o(.ARM.Collect$$libshutdown$$00000002)
    __rt_lib_shutdown_fp_trap_1              0x08000171   Thumb Code     0  libshutdown2.o(.ARM.Collect$$libshutdown$$00000007)
    __rt_lib_shutdown_heap_1                 0x08000171   Thumb Code     0  libshutdown2.o(.ARM.Collect$$libshutdown$$0000000F)
    __rt_lib_shutdown_return                 0x08000171   Thumb Code     0  libshutdown2.o(.ARM.Collect$$libshutdown$$00000010)
    __rt_lib_shutdown_signal_1               0x08000171   Thumb Code     0  libshutdown2.o(.ARM.Collect$$libshutdown$$0000000A)
    __rt_lib_shutdown_stdio_1                0x08000171   Thumb Code     0  libshutdown2.o(.ARM.Collect$$libshutdown$$00000004)
    __rt_lib_shutdown_user_alloc_1           0x08000171   Thumb Code     0  libshutdown2.o(.ARM.Collect$$libshutdown$$0000000C)
    __rt_entry                               0x08000173   Thumb Code     0  __rtentry.o(.ARM.Collect$$rtentry$$00000000)
    __rt_entry_presh_1                       0x08000173   Thumb Code     0  __rtentry2.o(.ARM.Collect$$rtentry$$00000002)
    __rt_entry_sh                            0x08000173   Thumb Code     0  __rtentry4.o(.ARM.Collect$$rtentry$$00000004)
    __rt_entry_postsh_1                      0x08000179   Thumb Code     0  __rtentry2.o(.ARM.Collect$$rtentry$$00000008)
    __rt_entry_li                            0x08000181   Thumb Code     0  __rtentry2.o(.ARM.Collect$$rtentry$$0000000A)
    __rt_entry_main                          0x08000185   Thumb Code     0  __rtentry2.o(.ARM.Collect$$rtentry$$0000000D)
    __rt_entry_postli_1                      0x08000185   Thumb Code     0  __rtentry2.o(.ARM.Collect$$rtentry$$0000000C)
    __rt_exit                                0x0800018d   Thumb Code     0  rtexit.o(.ARM.Collect$$rtexit$$00000000)
    __rt_exit_ls                             0x0800018f   Thumb Code     0  rtexit2.o(.ARM.Collect$$rtexit$$00000003)
    __rt_exit_prels_1                        0x0800018f   Thumb Code     0  rtexit2.o(.ARM.Collect$$rtexit$$00000002)
    __rt_exit_exit                           0x08000193   Thumb Code     0  rtexit2.o(.ARM.Collect$$rtexit$$00000004)
    SVC_Handler                              0x08000199   Thumb Code    32  port.o(.emb_text)
    __asm___6_port_c_39a90d8d__prvStartFirstTask 0x080001bd   Thumb Code    28  port.o(.emb_text)
    PendSV_Handler                           0x080001dd   Thumb Code    72  port.o(.emb_text)
    vPortGetIPSR                             0x08000229   Thumb Code     6  port.o(.emb_text)
    Reset_Handler                            0x08000231   Thumb Code     8  startup_stm32f10x_md.o(.text)
    NMI_Handler                              0x08000239   Thumb Code     2  startup_stm32f10x_md.o(.text)
    HardFault_Handler                        0x0800023b   Thumb Code     2  startup_stm32f10x_md.o(.text)
    MemManage_Handler                        0x0800023d   Thumb Code     2  startup_stm32f10x_md.o(.text)
    BusFault_Handler                         0x0800023f   Thumb Code     2  startup_stm32f10x_md.o(.text)
    UsageFault_Handler                       0x08000241   Thumb Code     2  startup_stm32f10x_md.o(.text)
    DebugMon_Handler                         0x08000245   Thumb Code     2  startup_stm32f10x_md.o(.text)
    ADC1_2_IRQHandler                        0x0800024b   Thumb Code     0  startup_stm32f10x_md.o(.text)
    CAN1_RX1_IRQHandler                      0x0800024b   Thumb Code     0  startup_stm32f10x_md.o(.text)
    CAN1_SCE_IRQHandler                      0x0800024b   Thumb Code     0  startup_stm32f10x_md.o(.text)
    DMA1_Channel1_IRQHandler                 0x0800024b   Thumb Code     0  startup_stm32f10x_md.o(.text)
    DMA1_Channel2_IRQHandler                 0x0800024b   Thumb Code     0  startup_stm32f10x_md.o(.text)
    DMA1_Channel3_IRQHandler                 0x0800024b   Thumb Code     0  startup_stm32f10x_md.o(.text)
    DMA1_Channel4_IRQHandler                 0x0800024b   Thumb Code     0  startup_stm32f10x_md.o(.text)
    DMA1_Channel5_IRQHandler                 0x0800024b   Thumb Code     0  startup_stm32f10x_md.o(.text)
    DMA1_Channel6_IRQHandler                 0x0800024b   Thumb Code     0  startup_stm32f10x_md.o(.text)
    DMA1_Channel7_IRQHandler                 0x0800024b   Thumb Code     0  startup_stm32f10x_md.o(.text)
    EXTI0_IRQHandler                         0x0800024b   Thumb Code     0  startup_stm32f10x_md.o(.text)
    EXTI15_10_IRQHandler                     0x0800024b   Thumb Code     0  startup_stm32f10x_md.o(.text)
    EXTI1_IRQHandler                         0x0800024b   Thumb Code     0  startup_stm32f10x_md.o(.text)
    EXTI2_IRQHandler                         0x0800024b   Thumb Code     0  startup_stm32f10x_md.o(.text)
    EXTI3_IRQHandler                         0x0800024b   Thumb Code     0  startup_stm32f10x_md.o(.text)
    EXTI4_IRQHandler                         0x0800024b   Thumb Code     0  startup_stm32f10x_md.o(.text)
    EXTI9_5_IRQHandler                       0x0800024b   Thumb Code     0  startup_stm32f10x_md.o(.text)
    FLASH_IRQHandler                         0x0800024b   Thumb Code     0  startup_stm32f10x_md.o(.text)
    I2C1_ER_IRQHandler                       0x0800024b   Thumb Code     0  startup_stm32f10x_md.o(.text)
    I2C1_EV_IRQHandler                       0x0800024b   Thumb Code     0  startup_stm32f10x_md.o(.text)
    I2C2_ER_IRQHandler                       0x0800024b   Thumb Code     0  startup_stm32f10x_md.o(.text)
    I2C2_EV_IRQHandler                       0x0800024b   Thumb Code     0  startup_stm32f10x_md.o(.text)
    PVD_IRQHandler                           0x0800024b   Thumb Code     0  startup_stm32f10x_md.o(.text)
    RCC_IRQHandler                           0x0800024b   Thumb Code     0  startup_stm32f10x_md.o(.text)
    RTCAlarm_IRQHandler                      0x0800024b   Thumb Code     0  startup_stm32f10x_md.o(.text)
    RTC_IRQHandler                           0x0800024b   Thumb Code     0  startup_stm32f10x_md.o(.text)
    SPI1_IRQHandler                          0x0800024b   Thumb Code     0  startup_stm32f10x_md.o(.text)
    SPI2_IRQHandler                          0x0800024b   Thumb Code     0  startup_stm32f10x_md.o(.text)
    TAMPER_IRQHandler                        0x0800024b   Thumb Code     0  startup_stm32f10x_md.o(.text)
    TIM1_BRK_IRQHandler                      0x0800024b   Thumb Code     0  startup_stm32f10x_md.o(.text)
    TIM1_CC_IRQHandler                       0x0800024b   Thumb Code     0  startup_stm32f10x_md.o(.text)
    TIM1_TRG_COM_IRQHandler                  0x0800024b   Thumb Code     0  startup_stm32f10x_md.o(.text)
    TIM1_UP_IRQHandler                       0x0800024b   Thumb Code     0  startup_stm32f10x_md.o(.text)
    TIM2_IRQHandler                          0x0800024b   Thumb Code     0  startup_stm32f10x_md.o(.text)
    TIM3_IRQHandler                          0x0800024b   Thumb Code     0  startup_stm32f10x_md.o(.text)
    TIM4_IRQHandler                          0x0800024b   Thumb Code     0  startup_stm32f10x_md.o(.text)
    USART1_IRQHandler                        0x0800024b   Thumb Code     0  startup_stm32f10x_md.o(.text)
    USART2_IRQHandler                        0x0800024b   Thumb Code     0  startup_stm32f10x_md.o(.text)
    USART3_IRQHandler                        0x0800024b   Thumb Code     0  startup_stm32f10x_md.o(.text)
    USBWakeUp_IRQHandler                     0x0800024b   Thumb Code     0  startup_stm32f10x_md.o(.text)
    USB_HP_CAN1_TX_IRQHandler                0x0800024b   Thumb Code     0  startup_stm32f10x_md.o(.text)
    USB_LP_CAN1_RX0_IRQHandler               0x0800024b   Thumb Code     0  startup_stm32f10x_md.o(.text)
    WWDG_IRQHandler                          0x0800024b   Thumb Code     0  startup_stm32f10x_md.o(.text)
    __user_initial_stackheap                 0x0800024d   Thumb Code     0  startup_stm32f10x_md.o(.text)
    __2sprintf                               0x08000271   Thumb Code    34  noretval__2sprintf.o(.text)
    __printf                                 0x08000299   Thumb Code   104  __printf.o(.text)
    _printf_int_dec                          0x08000301   Thumb Code   104  _printf_dec.o(.text)
    __aeabi_memcpy                           0x08000379   Thumb Code     0  rt_memcpy_v6.o(.text)
    __rt_memcpy                              0x08000379   Thumb Code   138  rt_memcpy_v6.o(.text)
    _memcpy_lastbytes                        0x080003df   Thumb Code     0  rt_memcpy_v6.o(.text)
    __aeabi_memset                           0x08000403   Thumb Code    16  aeabi_memset.o(.text)
    __aeabi_memclr4                          0x08000413   Thumb Code     0  rt_memclr_w.o(.text)
    __aeabi_memclr8                          0x08000413   Thumb Code     0  rt_memclr_w.o(.text)
    __rt_memclr_w                            0x08000413   Thumb Code    78  rt_memclr_w.o(.text)
    _memset_w                                0x08000417   Thumb Code     0  rt_memclr_w.o(.text)
    __use_two_region_memory                  0x08000461   Thumb Code     2  heapauxi.o(.text)
    __rt_heap_escrow$2region                 0x08000463   Thumb Code     2  heapauxi.o(.text)
    __rt_heap_expand$2region                 0x08000465   Thumb Code     2  heapauxi.o(.text)
    _printf_int_common                       0x08000467   Thumb Code   178  _printf_intcommon.o(.text)
    _printf_char_common                      0x08000523   Thumb Code    32  _printf_char_common.o(.text)
    _sputc                                   0x08000549   Thumb Code    10  _sputc.o(.text)
    __aeabi_memcpy4                          0x08000553   Thumb Code     0  rt_memcpy_w.o(.text)
    __aeabi_memcpy8                          0x08000553   Thumb Code     0  rt_memcpy_w.o(.text)
    __rt_memcpy_w                            0x08000553   Thumb Code   100  rt_memcpy_w.o(.text)
    _memcpy_lastbytes_aligned                0x0800059b   Thumb Code     0  rt_memcpy_w.o(.text)
    __aeabi_memclr                           0x080005b7   Thumb Code     0  rt_memclr.o(.text)
    __rt_memclr                              0x080005b7   Thumb Code    68  rt_memclr.o(.text)
    _memset                                  0x080005bb   Thumb Code     0  rt_memclr.o(.text)
    __user_setup_stackheap                   0x080005fb   Thumb Code    74  sys_stackheap_outer.o(.text)
    exit                                     0x08000645   Thumb Code    18  exit.o(.text)
    __user_libspace                          0x08000659   Thumb Code     8  libspace.o(.text)
    __user_perproc_libspace                  0x08000659   Thumb Code     0  libspace.o(.text)
    _sys_exit                                0x08000661   Thumb Code     8  sys_exit.o(.text)
    __I$use$semihosting                      0x0800066d   Thumb Code     0  use_no_semi.o(.text)
    __use_no_semihosting_swi                 0x0800066d   Thumb Code     2  use_no_semi.o(.text)
    __semihosting_library_function           0x0800066f   Thumb Code     0  indicate_semi.o(.text)
    DHT11_Check                              0x08000671   Thumb Code    82  dht11.o(i.DHT11_Check)
    DHT11_Init                               0x080006c9   Thumb Code    40  dht11.o(i.DHT11_Init)
    DHT11_Pin_In                             0x080006f9   Thumb Code    24  dht11.o(i.DHT11_Pin_In)
    DHT11_Pin_Out                            0x08000715   Thumb Code    24  dht11.o(i.DHT11_Pin_Out)
    DHT11_Read_Bit                           0x08000731   Thumb Code    82  dht11.o(i.DHT11_Read_Bit)
    DHT11_Read_Byte                          0x08000789   Thumb Code    32  dht11.o(i.DHT11_Read_Byte)
    DHT11_Read_Data                          0x080007a9   Thumb Code   112  dht11.o(i.DHT11_Read_Data)
    DHT11_Rst                                0x08000819   Thumb Code    44  dht11.o(i.DHT11_Rst)
    DelayMillis                              0x08000849   Thumb Code    30  systick_time.o(i.DelayMillis)
    DelayMs                                  0x0800086d   Thumb Code    18  systick_time.o(i.DelayMs)
    DelayUs                                  0x0800087f   Thumb Code    18  systick_time.o(i.DelayUs)
    Delaymicro                               0x08000891   Thumb Code    30  systick_time.o(i.Delaymicro)
    EXTI0_Config                             0x080008b1   Thumb Code    92  main.o(i.EXTI0_Config)
    GPIO_Init                                0x0800091d   Thumb Code   278  stm32f10x_gpio.o(i.GPIO_Init)
    GPIO_ReadInputDataBit                    0x08000a33   Thumb Code    18  stm32f10x_gpio.o(i.GPIO_ReadInputDataBit)
    GPIO_ResetBits                           0x08000a45   Thumb Code     4  stm32f10x_gpio.o(i.GPIO_ResetBits)
    GPIO_SetBits                             0x08000a49   Thumb Code     4  stm32f10x_gpio.o(i.GPIO_SetBits)
    GPIO_active                              0x08000a4d   Thumb Code    60  main.o(i.GPIO_active)
    GT_esp32                                 0x08000a95   Thumb Code    72  main.o(i.GT_esp32)
    PCF8574_add                              0x08000b05   Thumb Code    18  pcf8574_drive.o(i.PCF8574_add)
    PCF8574_tx_byte                          0x08000b17   Thumb Code    36  pcf8574_drive.o(i.PCF8574_tx_byte)
    RCC_APB2PeriphClockCmd                   0x08000b3d   Thumb Code    26  stm32f10x_rcc.o(i.RCC_APB2PeriphClockCmd)
    Setting                                  0x08000c45   Thumb Code    40  main.o(i.Setting)
    SysTick_Handler                          0x08000c75   Thumb Code    22  cmsis_os2.o(i.SysTick_Handler)
    SystemCoreClockUpdate                    0x08000c8d   Thumb Code   142  system_stm32f10x.o(i.SystemCoreClockUpdate)
    SystemInit                               0x08000d31   Thumb Code    78  system_stm32f10x.o(i.SystemInit)
    USART2_Config                            0x08000d91   Thumb Code    86  usart2.o(i.USART2_Config)
    USART2_SendChar                          0x08000df5   Thumb Code    22  usart2.o(i.USART2_SendChar)
    USART2_SendString                        0x08000e11   Thumb Code    22  usart2.o(i.USART2_SendString)
    _mutex_acquire                           0x08000e27   Thumb Code    22  clib_arm.o(i._mutex_acquire)
    _mutex_free                              0x08000e3d   Thumb Code    46  clib_arm.o(i._mutex_free)
    _mutex_initialize                        0x08000e71   Thumb Code    86  clib_arm.o(i._mutex_initialize)
    _mutex_release                           0x08000ed1   Thumb Code    24  clib_arm.o(i._mutex_release)
    _platform_post_stackheap_init            0x08000ee9   Thumb Code     2  clib_arm.o(i._platform_post_stackheap_init)
    gpio_Init                                0x08000eed   Thumb Code    52  main.o(i.gpio_Init)
    hienthi_LCD                              0x08000f29   Thumb Code    94  main.o(i.hienthi_LCD)
    i2c_add                                  0x08000fcd   Thumb Code   156  i2c_drive.o(i.i2c_add)
    i2c_data                                 0x08001071   Thumb Code    80  i2c_drive.o(i.i2c_data)
    i2c_init                                 0x080010c9   Thumb Code   208  i2c_drive.o(i.i2c_init)
    i2c_start                                0x080011a5   Thumb Code    68  i2c_drive.o(i.i2c_start)
    i2c_stop                                 0x080011f1   Thumb Code    74  i2c_drive.o(i.i2c_stop)
    init_GP                                  0x08001245   Thumb Code   164  gp_drive.o(i.init_GP)
    lcd_i2c_cmd                              0x080012f9   Thumb Code   128  lcd_1602_drive.o(i.lcd_i2c_cmd)
    lcd_i2c_data                             0x08001379   Thumb Code   128  lcd_1602_drive.o(i.lcd_i2c_data)
    lcd_i2c_init                             0x080013f9   Thumb Code   294  lcd_1602_drive.o(i.lcd_i2c_init)
    lcd_i2c_msg                              0x0800151f   Thumb Code    84  lcd_1602_drive.o(i.lcd_i2c_msg)
    lcd_i2c_send                             0x08001573   Thumb Code    34  lcd_1602_drive.o(i.lcd_i2c_send)
    main                                     0x08001595   Thumb Code    88  main.o(i.main)
    pvPortMalloc                             0x08001eb5   Thumb Code   118  heap_1.o(i.pvPortMalloc)
    pvTaskIncrementMutexHeldCount            0x08001f39   Thumb Code    26  tasks.o(i.pvTaskIncrementMutexHeldCount)
    pxPortInitialiseStack                    0x08001f59   Thumb Code    30  port.o(i.pxPortInitialiseStack)
    systick_init                             0x08001f7d   Thumb Code    24  systick_time.o(i.systick_init)
    uxListRemove                             0x08001f95   Thumb Code    40  list.o(i.uxListRemove)
    vApplicationGetIdleTaskMemory            0x08001fbd   Thumb Code    14  cmsis_os2.o(i.vApplicationGetIdleTaskMemory)
    vApplicationGetTimerTaskMemory           0x08001fd5   Thumb Code    14  cmsis_os2.o(i.vApplicationGetTimerTaskMemory)
    vApplicationStackOverflowHook            0x08001fed   Thumb Code     2  cmsis_os2.o(i.vApplicationStackOverflowHook)
    vListInitialise                          0x08001fef   Thumb Code    26  list.o(i.vListInitialise)
    vListInitialiseItem                      0x08002009   Thumb Code     6  list.o(i.vListInitialiseItem)
    vListInsert                              0x0800200f   Thumb Code    52  list.o(i.vListInsert)
    vPortEnterCritical                       0x08002045   Thumb Code    30  port.o(i.vPortEnterCritical)
    vPortExitCritical                        0x08002069   Thumb Code    28  port.o(i.vPortExitCritical)
    vPortFree                                0x08002089   Thumb Code     2  heap_1.o(i.vPortFree)
    vPortSetupTimerInterrupt                 0x0800208d   Thumb Code    36  port.o(i.vPortSetupTimerInterrupt)
    vQueueDelete                             0x080020b5   Thumb Code    20  queue.o(i.vQueueDelete)
    vQueueWaitForMessageRestricted           0x080020c9   Thumb Code    74  queue.o(i.vQueueWaitForMessageRestricted)
    vTaskInternalSetTimeOutState             0x08002115   Thumb Code    14  tasks.o(i.vTaskInternalSetTimeOutState)
    vTaskMissedYield                         0x0800212d   Thumb Code     8  tasks.o(i.vTaskMissedYield)
    vTaskPlaceOnEventList                    0x08002139   Thumb Code    28  tasks.o(i.vTaskPlaceOnEventList)
    vTaskPlaceOnEventListRestricted          0x08002159   Thumb Code    70  tasks.o(i.vTaskPlaceOnEventListRestricted)
    vTaskPriorityDisinheritAfterTimeout      0x080021a5   Thumb Code   182  tasks.o(i.vTaskPriorityDisinheritAfterTimeout)
    vTaskStartScheduler                      0x08002265   Thumb Code   124  tasks.o(i.vTaskStartScheduler)
    vTaskSuspendAll                          0x08002301   Thumb Code    12  tasks.o(i.vTaskSuspendAll)
    vTaskSwitchContext                       0x08002311   Thumb Code   154  tasks.o(i.vTaskSwitchContext)
    xPortStartScheduler                      0x080023c1   Thumb Code    42  port.o(i.xPortStartScheduler)
    xPortSysTickHandler                      0x080023f5   Thumb Code    46  port.o(i.xPortSysTickHandler)
    xQueueCreateMutex                        0x08002429   Thumb Code    34  queue.o(i.xQueueCreateMutex)
    xQueueCreateMutexStatic                  0x0800244b   Thumb Code    42  queue.o(i.xQueueCreateMutexStatic)
    xQueueGenericCreate                      0x08002475   Thumb Code    82  queue.o(i.xQueueGenericCreate)
    xQueueGenericCreateStatic                0x080024c7   Thumb Code    62  queue.o(i.xQueueGenericCreateStatic)
    xQueueGenericReset                       0x08002505   Thumb Code   156  queue.o(i.xQueueGenericReset)
    xQueueGenericSend                        0x080025a5   Thumb Code   276  queue.o(i.xQueueGenericSend)
    xQueueReceive                            0x080026bd   Thumb Code   256  queue.o(i.xQueueReceive)
    xQueueSemaphoreTake                      0x080027c1   Thumb Code   300  queue.o(i.xQueueSemaphoreTake)
    xTaskCheckForTimeOut                     0x080028f1   Thumb Code    88  tasks.o(i.xTaskCheckForTimeOut)
    xTaskCreate                              0x08002951   Thumb Code   100  tasks.o(i.xTaskCreate)
    xTaskCreateStatic                        0x080029b5   Thumb Code    78  tasks.o(i.xTaskCreateStatic)
    xTaskGetSchedulerState                   0x08002a05   Thumb Code    24  tasks.o(i.xTaskGetSchedulerState)
    xTaskGetTickCount                        0x08002a25   Thumb Code     6  tasks.o(i.xTaskGetTickCount)
    xTaskIncrementTick                       0x08002a31   Thumb Code   354  tasks.o(i.xTaskIncrementTick)
    xTaskPriorityDisinherit                  0x08002bc1   Thumb Code   138  tasks.o(i.xTaskPriorityDisinherit)
    xTaskPriorityInherit                     0x08002c55   Thumb Code   202  tasks.o(i.xTaskPriorityInherit)
    xTaskRemoveFromEventList                 0x08002d2d   Thumb Code   238  tasks.o(i.xTaskRemoveFromEventList)
    xTaskResumeAll                           0x08002e35   Thumb Code   308  tasks.o(i.xTaskResumeAll)
    xTimerCreateTimerTask                    0x08002f8d   Thumb Code    76  timers.o(i.xTimerCreateTimerTask)
    Region$$Table$$Base                      0x08002fec   Number         0  anon$$obj.o(Region$$Table)
    Region$$Table$$Limit                     0x0800300c   Number         0  anon$$obj.o(Region$$Table)
    GPIO_Structure                           0x20000000   Data           4  main.o(.data)
    tempset                                  0x20000004   Data           1  main.o(.data)
    humiset                                  0x20000005   Data           1  main.o(.data)
    RHI                                      0x20000006   Data           1  main.o(.data)
    RHD                                      0x20000007   Data           1  main.o(.data)
    TCI                                      0x20000008   Data           1  main.o(.data)
    TCD                                      0x20000009   Data           1  main.o(.data)
    SystemCoreClock                          0x2000000c   Data           4  system_stm32f10x.o(.data)
    AHBPrescTable                            0x20000010   Data          16  system_stm32f10x.o(.data)
    pxCurrentTCB                             0x2000002c   Data           4  tasks.o(.data)
    uxTopUsedPriority                        0x20000064   Data           4  tasks.o(.data)
    Temp                                     0x20000080   Data          20  main.o(.bss)
    Humi                                     0x20000094   Data          20  main.o(.bss)
    line1                                    0x200000a8   Data          20  main.o(.bss)
    line2                                    0x200000bc   Data          20  main.o(.bss)
    __libspace_start                         0x20002de8   Data          96  libspace.o(.bss)
    __temporary_stack_top$libspace           0x20002e48   Data           0  libspace.o(.bss)



==============================================================================

Memory Map of the image

  Image Entry point : 0x080000ed

  Load Region LR_IROM1 (Base: 0x08000000, Size: 0x0000308c, Max: 0x00010000, ABSOLUTE)

    Execution Region ER_IROM1 (Exec base: 0x08000000, Load base: 0x08000000, Size: 0x0000300c, Max: 0x00010000, ABSOLUTE)

    Exec Addr    Load Addr    Size         Type   Attr      Idx    E Section Name        Object

    0x08000000   0x08000000   0x000000ec   Data   RO         2825    RESET               startup_stm32f10x_md.o
    0x080000ec   0x080000ec   0x00000008   Code   RO         4223  * !!!main             c_w.l(__main.o)
    0x080000f4   0x080000f4   0x00000034   Code   RO         4391    !!!scatter          c_w.l(__scatter.o)
    0x08000128   0x08000128   0x0000001a   Code   RO         4393    !!handler_copy      c_w.l(__scatter_copy.o)
    0x08000142   0x08000142   0x00000002   PAD
    0x08000144   0x08000144   0x0000001c   Code   RO         4395    !!handler_zi        c_w.l(__scatter_zi.o)
    0x08000160   0x08000160   0x00000000   Code   RO         4214    .ARM.Collect$$_printf_percent$$00000000  c_w.l(_printf_percent.o)
    0x08000160   0x08000160   0x00000006   Code   RO         4213    .ARM.Collect$$_printf_percent$$0000000A  c_w.l(_printf_u.o)
    0x08000166   0x08000166   0x00000004   Code   RO         4232    .ARM.Collect$$_printf_percent$$00000017  c_w.l(_printf_percent_end.o)
    0x0800016a   0x0800016a   0x00000002   Code   RO         4261    .ARM.Collect$$libinit$$00000000  c_w.l(libinit.o)
    0x0800016c   0x0800016c   0x00000000   Code   RO         4268    .ARM.Collect$$libinit$$00000002  c_w.l(libinit2.o)
    0x0800016c   0x0800016c   0x00000000   Code   RO         4270    .ARM.Collect$$libinit$$00000004  c_w.l(libinit2.o)
    0x0800016c   0x0800016c   0x00000000   Code   RO         4273    .ARM.Collect$$libinit$$0000000A  c_w.l(libinit2.o)
    0x0800016c   0x0800016c   0x00000000   Code   RO         4275    .ARM.Collect$$libinit$$0000000C  c_w.l(libinit2.o)
    0x0800016c   0x0800016c   0x00000000   Code   RO         4277    .ARM.Collect$$libinit$$0000000E  c_w.l(libinit2.o)
    0x0800016c   0x0800016c   0x00000000   Code   RO         4280    .ARM.Collect$$libinit$$00000011  c_w.l(libinit2.o)
    0x0800016c   0x0800016c   0x00000000   Code   RO         4282    .ARM.Collect$$libinit$$00000013  c_w.l(libinit2.o)
    0x0800016c   0x0800016c   0x00000000   Code   RO         4284    .ARM.Collect$$libinit$$00000015  c_w.l(libinit2.o)
    0x0800016c   0x0800016c   0x00000000   Code   RO         4286    .ARM.Collect$$libinit$$00000017  c_w.l(libinit2.o)
    0x0800016c   0x0800016c   0x00000000   Code   RO         4288    .ARM.Collect$$libinit$$00000019  c_w.l(libinit2.o)
    0x0800016c   0x0800016c   0x00000000   Code   RO         4290    .ARM.Collect$$libinit$$0000001B  c_w.l(libinit2.o)
    0x0800016c   0x0800016c   0x00000000   Code   RO         4292    .ARM.Collect$$libinit$$0000001D  c_w.l(libinit2.o)
    0x0800016c   0x0800016c   0x00000000   Code   RO         4294    .ARM.Collect$$libinit$$0000001F  c_w.l(libinit2.o)
    0x0800016c   0x0800016c   0x00000000   Code   RO         4296    .ARM.Collect$$libinit$$00000021  c_w.l(libinit2.o)
    0x0800016c   0x0800016c   0x00000000   Code   RO         4298    .ARM.Collect$$libinit$$00000023  c_w.l(libinit2.o)
    0x0800016c   0x0800016c   0x00000000   Code   RO         4300    .ARM.Collect$$libinit$$00000025  c_w.l(libinit2.o)
    0x0800016c   0x0800016c   0x00000000   Code   RO         4304    .ARM.Collect$$libinit$$0000002C  c_w.l(libinit2.o)
    0x0800016c   0x0800016c   0x00000000   Code   RO         4306    .ARM.Collect$$libinit$$0000002E  c_w.l(libinit2.o)
    0x0800016c   0x0800016c   0x00000000   Code   RO         4308    .ARM.Collect$$libinit$$00000030  c_w.l(libinit2.o)
    0x0800016c   0x0800016c   0x00000000   Code   RO         4310    .ARM.Collect$$libinit$$00000032  c_w.l(libinit2.o)
    0x0800016c   0x0800016c   0x00000002   Code   RO         4311    .ARM.Collect$$libinit$$00000033  c_w.l(libinit2.o)
    0x0800016e   0x0800016e   0x00000002   Code   RO         4331    .ARM.Collect$$libshutdown$$00000000  c_w.l(libshutdown.o)
    0x08000170   0x08000170   0x00000000   Code   RO         4344    .ARM.Collect$$libshutdown$$00000002  c_w.l(libshutdown2.o)
    0x08000170   0x08000170   0x00000000   Code   RO         4346    .ARM.Collect$$libshutdown$$00000004  c_w.l(libshutdown2.o)
    0x08000170   0x08000170   0x00000000   Code   RO         4349    .ARM.Collect$$libshutdown$$00000007  c_w.l(libshutdown2.o)
    0x08000170   0x08000170   0x00000000   Code   RO         4352    .ARM.Collect$$libshutdown$$0000000A  c_w.l(libshutdown2.o)
    0x08000170   0x08000170   0x00000000   Code   RO         4354    .ARM.Collect$$libshutdown$$0000000C  c_w.l(libshutdown2.o)
    0x08000170   0x08000170   0x00000000   Code   RO         4357    .ARM.Collect$$libshutdown$$0000000F  c_w.l(libshutdown2.o)
    0x08000170   0x08000170   0x00000002   Code   RO         4358    .ARM.Collect$$libshutdown$$00000010  c_w.l(libshutdown2.o)
    0x08000172   0x08000172   0x00000000   Code   RO         4225    .ARM.Collect$$rtentry$$00000000  c_w.l(__rtentry.o)
    0x08000172   0x08000172   0x00000000   Code   RO         4238    .ARM.Collect$$rtentry$$00000002  c_w.l(__rtentry2.o)
    0x08000172   0x08000172   0x00000006   Code   RO         4250    .ARM.Collect$$rtentry$$00000004  c_w.l(__rtentry4.o)
    0x08000178   0x08000178   0x00000008   Code   RO         4239    .ARM.Collect$$rtentry$$00000008  c_w.l(__rtentry2.o)
    0x08000180   0x08000180   0x00000004   Code   RO         4241    .ARM.Collect$$rtentry$$0000000A  c_w.l(__rtentry2.o)
    0x08000184   0x08000184   0x00000000   Code   RO         4243    .ARM.Collect$$rtentry$$0000000C  c_w.l(__rtentry2.o)
    0x08000184   0x08000184   0x00000008   Code   RO         4244    .ARM.Collect$$rtentry$$0000000D  c_w.l(__rtentry2.o)
    0x0800018c   0x0800018c   0x00000002   Code   RO         4265    .ARM.Collect$$rtexit$$00000000  c_w.l(rtexit.o)
    0x0800018e   0x0800018e   0x00000000   Code   RO         4313    .ARM.Collect$$rtexit$$00000002  c_w.l(rtexit2.o)
    0x0800018e   0x0800018e   0x00000004   Code   RO         4314    .ARM.Collect$$rtexit$$00000003  c_w.l(rtexit2.o)
    0x08000192   0x08000192   0x00000006   Code   RO         4315    .ARM.Collect$$rtexit$$00000004  c_w.l(rtexit2.o)
    0x08000198   0x08000198   0x00000096   Code   RO         3124    .emb_text           port.o
    0x0800022e   0x0800022e   0x00000002   PAD
    0x08000230   0x08000230   0x00000040   Code   RO         2826    .text               startup_stm32f10x_md.o
    0x08000270   0x08000270   0x00000028   Code   RO         4187    .text               c_w.l(noretval__2sprintf.o)
    0x08000298   0x08000298   0x00000068   Code   RO         4189    .text               c_w.l(__printf.o)
    0x08000300   0x08000300   0x00000078   Code   RO         4191    .text               c_w.l(_printf_dec.o)
    0x08000378   0x08000378   0x0000008a   Code   RO         4215    .text               c_w.l(rt_memcpy_v6.o)
    0x08000402   0x08000402   0x00000010   Code   RO         4217    .text               c_w.l(aeabi_memset.o)
    0x08000412   0x08000412   0x0000004e   Code   RO         4219    .text               c_w.l(rt_memclr_w.o)
    0x08000460   0x08000460   0x00000006   Code   RO         4221    .text               c_w.l(heapauxi.o)
    0x08000466   0x08000466   0x000000b2   Code   RO         4226    .text               c_w.l(_printf_intcommon.o)
    0x08000518   0x08000518   0x00000030   Code   RO         4228    .text               c_w.l(_printf_char_common.o)
    0x08000548   0x08000548   0x0000000a   Code   RO         4230    .text               c_w.l(_sputc.o)
    0x08000552   0x08000552   0x00000064   Code   RO         4233    .text               c_w.l(rt_memcpy_w.o)
    0x080005b6   0x080005b6   0x00000044   Code   RO         4235    .text               c_w.l(rt_memclr.o)
    0x080005fa   0x080005fa   0x0000004a   Code   RO         4254    .text               c_w.l(sys_stackheap_outer.o)
    0x08000644   0x08000644   0x00000012   Code   RO         4256    .text               c_w.l(exit.o)
    0x08000656   0x08000656   0x00000002   PAD
    0x08000658   0x08000658   0x00000008   Code   RO         4262    .text               c_w.l(libspace.o)
    0x08000660   0x08000660   0x0000000c   Code   RO         4323    .text               c_w.l(sys_exit.o)
    0x0800066c   0x0800066c   0x00000002   Code   RO         4334    .text               c_w.l(use_no_semi.o)
    0x0800066e   0x0800066e   0x00000000   Code   RO         4336    .text               c_w.l(indicate_semi.o)
    0x0800066e   0x0800066e   0x00000002   PAD
    0x08000670   0x08000670   0x00000058   Code   RO          624    i.DHT11_Check       dht11.o
    0x080006c8   0x080006c8   0x00000030   Code   RO          625    i.DHT11_Init        dht11.o
    0x080006f8   0x080006f8   0x0000001c   Code   RO          626    i.DHT11_Pin_In      dht11.o
    0x08000714   0x08000714   0x0000001c   Code   RO          627    i.DHT11_Pin_Out     dht11.o
    0x08000730   0x08000730   0x00000058   Code   RO          628    i.DHT11_Read_Bit    dht11.o
    0x08000788   0x08000788   0x00000020   Code   RO          629    i.DHT11_Read_Byte   dht11.o
    0x080007a8   0x080007a8   0x00000070   Code   RO          630    i.DHT11_Read_Data   dht11.o
    0x08000818   0x08000818   0x00000030   Code   RO          631    i.DHT11_Rst         dht11.o
    0x08000848   0x08000848   0x00000024   Code   RO          564    i.DelayMillis       systick_time.o
    0x0800086c   0x0800086c   0x00000012   Code   RO          565    i.DelayMs           systick_time.o
    0x0800087e   0x0800087e   0x00000012   Code   RO          566    i.DelayUs           systick_time.o
    0x08000890   0x08000890   0x0000001e   Code   RO          567    i.Delaymicro        systick_time.o
    0x080008ae   0x080008ae   0x00000002   PAD
    0x080008b0   0x080008b0   0x0000006c   Code   RO            4    i.EXTI0_Config      main.o
    0x0800091c   0x0800091c   0x00000116   Code   RO         1424    i.GPIO_Init         stm32f10x_gpio.o
    0x08000a32   0x08000a32   0x00000012   Code   RO         1428    i.GPIO_ReadInputDataBit  stm32f10x_gpio.o
    0x08000a44   0x08000a44   0x00000004   Code   RO         1431    i.GPIO_ResetBits    stm32f10x_gpio.o
    0x08000a48   0x08000a48   0x00000004   Code   RO         1432    i.GPIO_SetBits      stm32f10x_gpio.o
    0x08000a4c   0x08000a4c   0x00000048   Code   RO            5    i.GPIO_active       main.o
    0x08000a94   0x08000a94   0x00000070   Code   RO            6    i.GT_esp32          main.o
    0x08000b04   0x08000b04   0x00000012   Code   RO          534    i.PCF8574_add       pcf8574_drive.o
    0x08000b16   0x08000b16   0x00000024   Code   RO          535    i.PCF8574_tx_byte   pcf8574_drive.o
    0x08000b3a   0x08000b3a   0x00000002   PAD
    0x08000b3c   0x08000b3c   0x00000020   Code   RO         1764    i.RCC_APB2PeriphClockCmd  stm32f10x_rcc.o
    0x08000b5c   0x08000b5c   0x00000008   Code   RO         2833    i.SetSysClock       system_stm32f10x.o
    0x08000b64   0x08000b64   0x000000e0   Code   RO         2834    i.SetSysClockTo72   system_stm32f10x.o
    0x08000c44   0x08000c44   0x00000030   Code   RO            7    i.Setting           main.o
    0x08000c74   0x08000c74   0x00000016   Code   RO          758    i.SysTick_Handler   cmsis_os2.o
    0x08000c8a   0x08000c8a   0x00000002   PAD
    0x08000c8c   0x08000c8c   0x000000a4   Code   RO         2835    i.SystemCoreClockUpdate  system_stm32f10x.o
    0x08000d30   0x08000d30   0x00000060   Code   RO         2836    i.SystemInit        system_stm32f10x.o
    0x08000d90   0x08000d90   0x00000064   Code   RO          218    i.USART2_Config     usart2.o
    0x08000df4   0x08000df4   0x0000001c   Code   RO          219    i.USART2_SendChar   usart2.o
    0x08000e10   0x08000e10   0x00000016   Code   RO          220    i.USART2_SendString  usart2.o
    0x08000e26   0x08000e26   0x00000016   Code   RO          691    i._mutex_acquire    clib_arm.o
    0x08000e3c   0x08000e3c   0x00000034   Code   RO          692    i._mutex_free       clib_arm.o
    0x08000e70   0x08000e70   0x00000060   Code   RO          693    i._mutex_initialize  clib_arm.o
    0x08000ed0   0x08000ed0   0x00000018   Code   RO          694    i._mutex_release    clib_arm.o
    0x08000ee8   0x08000ee8   0x00000002   Code   RO          695    i._platform_post_stackheap_init  clib_arm.o
    0x08000eea   0x08000eea   0x00000002   PAD
    0x08000eec   0x08000eec   0x0000003c   Code   RO            8    i.gpio_Init         main.o
    0x08000f28   0x08000f28   0x000000a4   Code   RO            9    i.hienthi_LCD       main.o
    0x08000fcc   0x08000fcc   0x000000a4   Code   RO          348    i.i2c_add           i2c_drive.o
    0x08001070   0x08001070   0x00000058   Code   RO          349    i.i2c_data          i2c_drive.o
    0x080010c8   0x080010c8   0x000000dc   Code   RO          350    i.i2c_init          i2c_drive.o
    0x080011a4   0x080011a4   0x0000004c   Code   RO          352    i.i2c_start         i2c_drive.o
    0x080011f0   0x080011f0   0x00000054   Code   RO          353    i.i2c_stop          i2c_drive.o
    0x08001244   0x08001244   0x000000b4   Code   RO          280    i.init_GP           gp_drive.o
    0x080012f8   0x080012f8   0x00000080   Code   RO          414    i.lcd_i2c_cmd       lcd_1602_drive.o
    0x08001378   0x08001378   0x00000080   Code   RO          415    i.lcd_i2c_data      lcd_1602_drive.o
    0x080013f8   0x080013f8   0x00000126   Code   RO          416    i.lcd_i2c_init      lcd_1602_drive.o
    0x0800151e   0x0800151e   0x00000054   Code   RO          417    i.lcd_i2c_msg       lcd_1602_drive.o
    0x08001572   0x08001572   0x00000022   Code   RO          419    i.lcd_i2c_send      lcd_1602_drive.o
    0x08001594   0x08001594   0x0000008c   Code   RO           10    i.main              main.o
    0x08001620   0x08001620   0x00000012   Code   RO          696    i.os_kernel_is_active  clib_arm.o
    0x08001632   0x08001632   0x00000002   PAD
    0x08001634   0x08001634   0x000000a4   Code   RO         3609    i.prvAddCurrentTaskToDelayedList  tasks.o
    0x080016d8   0x080016d8   0x000000e8   Code   RO         3610    i.prvAddNewTaskToReadyList  tasks.o
    0x080017c0   0x080017c0   0x0000005c   Code   RO         4006    i.prvCheckForValidListAndQueue  timers.o
    0x0800181c   0x0800181c   0x00000048   Code   RO         3611    i.prvCheckTasksWaitingTermination  tasks.o
    0x08001864   0x08001864   0x0000002a   Code   RO         3207    i.prvCopyDataFromQueue  queue.o
    0x0800188e   0x0800188e   0x0000007e   Code   RO         3208    i.prvCopyDataToQueue  queue.o
    0x0800190c   0x0800190c   0x00000028   Code   RO         3612    i.prvDeleteTCB      tasks.o
    0x08001934   0x08001934   0x00000014   Code   RO         3209    i.prvGetDisinheritPriorityAfterTimeout  queue.o
    0x08001948   0x08001948   0x00000028   Code   RO         4007    i.prvGetNextExpireTime  timers.o
    0x08001970   0x08001970   0x00000028   Code   RO         3613    i.prvIdleTask       tasks.o
    0x08001998   0x08001998   0x0000001e   Code   RO         3210    i.prvInitialiseMutex  queue.o
    0x080019b6   0x080019b6   0x0000002a   Code   RO         3211    i.prvInitialiseNewQueue  queue.o
    0x080019e0   0x080019e0   0x0000009a   Code   RO         3614    i.prvInitialiseNewTask  tasks.o
    0x08001a7a   0x08001a7a   0x00000002   PAD
    0x08001a7c   0x08001a7c   0x00000068   Code   RO         3615    i.prvInitialiseTaskLists  tasks.o
    0x08001ae4   0x08001ae4   0x00000058   Code   RO         4009    i.prvInsertTimerInActiveList  timers.o
    0x08001b3c   0x08001b3c   0x0000001a   Code   RO         3212    i.prvIsQueueEmpty   queue.o
    0x08001b56   0x08001b56   0x0000001e   Code   RO         3213    i.prvIsQueueFull    queue.o
    0x08001b74   0x08001b74   0x00000044   Code   RO         4010    i.prvProcessExpiredTimer  timers.o
    0x08001bb8   0x08001bb8   0x00000110   Code   RO         4011    i.prvProcessReceivedCommands  timers.o
    0x08001cc8   0x08001cc8   0x00000074   Code   RO         4012    i.prvProcessTimerOrBlockTask  timers.o
    0x08001d3c   0x08001d3c   0x00000028   Code   RO         4013    i.prvReloadTimer    timers.o
    0x08001d64   0x08001d64   0x00000030   Code   RO         3617    i.prvResetNextTaskUnblockTime  tasks.o
    0x08001d94   0x08001d94   0x0000002c   Code   RO         4014    i.prvSampleTimeNow  timers.o
    0x08001dc0   0x08001dc0   0x00000044   Code   RO         4015    i.prvSwitchTimerLists  timers.o
    0x08001e04   0x08001e04   0x00000016   Code   RO         3125    i.prvTaskExitError  port.o
    0x08001e1a   0x08001e1a   0x0000001a   Code   RO         4016    i.prvTimerTask      timers.o
    0x08001e34   0x08001e34   0x0000007e   Code   RO         3214    i.prvUnlockQueue    queue.o
    0x08001eb2   0x08001eb2   0x00000002   PAD
    0x08001eb4   0x08001eb4   0x00000084   Code   RO         3079    i.pvPortMalloc      heap_1.o
    0x08001f38   0x08001f38   0x00000020   Code   RO         3620    i.pvTaskIncrementMutexHeldCount  tasks.o
    0x08001f58   0x08001f58   0x00000024   Code   RO         3126    i.pxPortInitialiseStack  port.o
    0x08001f7c   0x08001f7c   0x00000018   Code   RO          568    i.systick_init      systick_time.o
    0x08001f94   0x08001f94   0x00000028   Code   RO         3028    i.uxListRemove      list.o
    0x08001fbc   0x08001fbc   0x00000018   Code   RO          831    i.vApplicationGetIdleTaskMemory  cmsis_os2.o
    0x08001fd4   0x08001fd4   0x00000018   Code   RO          832    i.vApplicationGetTimerTaskMemory  cmsis_os2.o
    0x08001fec   0x08001fec   0x00000002   Code   RO          833    i.vApplicationStackOverflowHook  cmsis_os2.o
    0x08001fee   0x08001fee   0x0000001a   Code   RO         3029    i.vListInitialise   list.o
    0x08002008   0x08002008   0x00000006   Code   RO         3030    i.vListInitialiseItem  list.o
    0x0800200e   0x0800200e   0x00000034   Code   RO         3031    i.vListInsert       list.o
    0x08002042   0x08002042   0x00000002   PAD
    0x08002044   0x08002044   0x00000024   Code   RO         3128    i.vPortEnterCritical  port.o
    0x08002068   0x08002068   0x00000020   Code   RO         3129    i.vPortExitCritical  port.o
    0x08002088   0x08002088   0x00000002   Code   RO         3080    i.vPortFree         heap_1.o
    0x0800208a   0x0800208a   0x00000002   PAD
    0x0800208c   0x0800208c   0x00000028   Code   RO         3130    i.vPortSetupTimerInterrupt  port.o
    0x080020b4   0x080020b4   0x00000014   Code   RO         3220    i.vQueueDelete      queue.o
    0x080020c8   0x080020c8   0x0000004a   Code   RO         3222    i.vQueueWaitForMessageRestricted  queue.o
    0x08002112   0x08002112   0x00000002   PAD
    0x08002114   0x08002114   0x00000018   Code   RO         3635    i.vTaskInternalSetTimeOutState  tasks.o
    0x0800212c   0x0800212c   0x0000000c   Code   RO         3636    i.vTaskMissedYield  tasks.o
    0x08002138   0x08002138   0x00000020   Code   RO         3637    i.vTaskPlaceOnEventList  tasks.o
    0x08002158   0x08002158   0x0000004c   Code   RO         3638    i.vTaskPlaceOnEventListRestricted  tasks.o
    0x080021a4   0x080021a4   0x000000c0   Code   RO         3640    i.vTaskPriorityDisinheritAfterTimeout  tasks.o
    0x08002264   0x08002264   0x0000009c   Code   RO         3646    i.vTaskStartScheduler  tasks.o
    0x08002300   0x08002300   0x00000010   Code   RO         3648    i.vTaskSuspendAll   tasks.o
    0x08002310   0x08002310   0x000000b0   Code   RO         3649    i.vTaskSwitchContext  tasks.o
    0x080023c0   0x080023c0   0x00000034   Code   RO         3131    i.xPortStartScheduler  port.o
    0x080023f4   0x080023f4   0x00000034   Code   RO         3132    i.xPortSysTickHandler  port.o
    0x08002428   0x08002428   0x00000022   Code   RO         3225    i.xQueueCreateMutex  queue.o
    0x0800244a   0x0800244a   0x0000002a   Code   RO         3226    i.xQueueCreateMutexStatic  queue.o
    0x08002474   0x08002474   0x00000052   Code   RO         3227    i.xQueueGenericCreate  queue.o
    0x080024c6   0x080024c6   0x0000003e   Code   RO         3228    i.xQueueGenericCreateStatic  queue.o
    0x08002504   0x08002504   0x000000a0   Code   RO         3229    i.xQueueGenericReset  queue.o
    0x080025a4   0x080025a4   0x00000118   Code   RO         3230    i.xQueueGenericSend  queue.o
    0x080026bc   0x080026bc   0x00000104   Code   RO         3240    i.xQueueReceive     queue.o
    0x080027c0   0x080027c0   0x00000130   Code   RO         3242    i.xQueueSemaphoreTake  queue.o
    0x080028f0   0x080028f0   0x00000060   Code   RO         3651    i.xTaskCheckForTimeOut  tasks.o
    0x08002950   0x08002950   0x00000064   Code   RO         3652    i.xTaskCreate       tasks.o
    0x080029b4   0x080029b4   0x0000004e   Code   RO         3653    i.xTaskCreateStatic  tasks.o
    0x08002a02   0x08002a02   0x00000002   PAD
    0x08002a04   0x08002a04   0x00000020   Code   RO         3660    i.xTaskGetSchedulerState  tasks.o
    0x08002a24   0x08002a24   0x0000000c   Code   RO         3661    i.xTaskGetTickCount  tasks.o
    0x08002a30   0x08002a30   0x00000190   Code   RO         3663    i.xTaskIncrementTick  tasks.o
    0x08002bc0   0x08002bc0   0x00000094   Code   RO         3664    i.xTaskPriorityDisinherit  tasks.o
    0x08002c54   0x08002c54   0x000000d8   Code   RO         3665    i.xTaskPriorityInherit  tasks.o
    0x08002d2c   0x08002d2c   0x00000108   Code   RO         3666    i.xTaskRemoveFromEventList  tasks.o
    0x08002e34   0x08002e34   0x00000158   Code   RO         3667    i.xTaskResumeAll    tasks.o
    0x08002f8c   0x08002f8c   0x00000060   Code   RO         4025    i.xTimerCreateTimerTask  timers.o
    0x08002fec   0x08002fec   0x00000020   Data   RO         4389    Region$$Table       anon$$obj.o


    Execution Region RW_IRAM1 (Exec base: 0x20000000, Load base: 0x0800300c, Size: 0x00003448, Max: 0x00005000, ABSOLUTE)

    Exec Addr    Load Addr    Size         Type   Attr      Idx    E Section Name        Object

    0x20000000   0x0800300c   0x0000000a   Data   RW           12    .data               main.o
    0x2000000a   0x08003016   0x00000002   PAD
    0x2000000c   0x08003018   0x00000014   Data   RW         2837    .data               system_stm32f10x.o
    0x20000020   0x0800302c   0x00000008   Data   RW         3084    .data               heap_1.o
    0x20000028   0x08003034   0x00000004   Data   RW         3133    .data               port.o
    0x2000002c   0x08003038   0x00000040   Data   RW         3670    .data               tasks.o
    0x2000006c   0x08003078   0x00000014   Data   RW         4034    .data               timers.o
    0x20000080        -       0x00000050   Zero   RW           11    .bss                main.o
    0x200000d0        -       0x00000394   Zero   RW          697    .bss                clib_arm.o
    0x20000464        -       0x000003f8   Zero   RW          834    .bss                cmsis_os2.o
    0x2000085c        -       0x00002000   Zero   RW         3083    .bss                heap_1.o
    0x2000285c        -       0x000004c4   Zero   RW         3669    .bss                tasks.o
    0x20002d20        -       0x000000c8   Zero   RW         4033    .bss                timers.o
    0x20002de8        -       0x00000060   Zero   RW         4263    .bss                c_w.l(libspace.o)
    0x20002e48        -       0x00000200   Zero   RW         2824    HEAP                startup_stm32f10x_md.o
    0x20003048        -       0x00000400   Zero   RW         2823    STACK               startup_stm32f10x_md.o


==============================================================================

Image component sizes


      Code (inc. data)   RO Data    RW Data    ZI Data      Debug   Object Name

       214         16          0          0        916       7724   clib_arm.o
        72         20          0          0       1016      30791   cmsis_os2.o
       472         32          0          0          0       4383   dht11.o
         0          0          0          0          0      10780   event_groups.o
       180         16          0          0          0        730   gp_drive.o
       134         14          0          8       8192       2179   heap_1.o
       632         46          0          0          0       2751   i2c_drive.o
       668          0          0          0          0       3145   lcd_1602_drive.o
       124          0          0          0          0      12233   list.o
       704        206          0         10         80     247394   main.o
        54          0          0          0          0       1068   pcf8574_drive.o
       420         48          0          4          0       9272   port.o
      1760         16          0          0          0      18343   queue.o
        64         26        236          0       1536        796   startup_stm32f10x_md.o
       304          0          0          0          0       4076   stm32f10x_gpio.o
        32          6          0          0          0        641   stm32f10x_rcc.o
       492         50          0         20          0       2785   system_stm32f10x.o
       126          6          0          0          0       2242   systick_time.o
      3260        366          0         64       1220      45108   tasks.o
       950        110          0         20        200      11704   timers.o
       150         20          0          0          0       1714   usart2.o

    ----------------------------------------------------------------------
     10836        998        268        128      13160     419859   Object Totals
         0          0         32          0          0          0   (incl. Generated)
        24          0          0          2          0          0   (incl. Padding)

    ----------------------------------------------------------------------

      Code (inc. data)   RO Data    RW Data    ZI Data      Debug   Library Member Name

         8          0          0          0          0         68   __main.o
       104          0          0          0          0         84   __printf.o
         0          0          0          0          0          0   __rtentry.o
        20          0          0          0          0          0   __rtentry2.o
         6          0          0          0          0          0   __rtentry4.o
        52          8          0          0          0          0   __scatter.o
        26          0          0          0          0          0   __scatter_copy.o
        28          0          0          0          0          0   __scatter_zi.o
        48          6          0          0          0         96   _printf_char_common.o
       120         16          0          0          0         92   _printf_dec.o
       178          0          0          0          0         88   _printf_intcommon.o
         0          0          0          0          0          0   _printf_percent.o
         4          0          0          0          0          0   _printf_percent_end.o
         6          0          0          0          0          0   _printf_u.o
        10          0          0          0          0         68   _sputc.o
        16          0          0          0          0         68   aeabi_memset.o
        18          0          0          0          0         80   exit.o
         6          0          0          0          0        152   heapauxi.o
         0          0          0          0          0          0   indicate_semi.o
         2          0          0          0          0          0   libinit.o
         2          0          0          0          0          0   libinit2.o
         2          0          0          0          0          0   libshutdown.o
         2          0          0          0          0          0   libshutdown2.o
         8          4          0          0         96         68   libspace.o
        40          6          0          0          0         84   noretval__2sprintf.o
        68          0          0          0          0         68   rt_memclr.o
        78          0          0          0          0         80   rt_memclr_w.o
       138          0          0          0          0         68   rt_memcpy_v6.o
       100          0          0          0          0         80   rt_memcpy_w.o
         2          0          0          0          0          0   rtexit.o
        10          0          0          0          0          0   rtexit2.o
        12          4          0          0          0         68   sys_exit.o
        74          0          0          0          0         80   sys_stackheap_outer.o
         2          0          0          0          0         68   use_no_semi.o

    ----------------------------------------------------------------------
      1196         44          0          0         96       1460   Library Totals
         6          0          0          0          0          0   (incl. Padding)

    ----------------------------------------------------------------------

      Code (inc. data)   RO Data    RW Data    ZI Data      Debug   Library Name

      1190         44          0          0         96       1460   c_w.l

    ----------------------------------------------------------------------
      1196         44          0          0         96       1460   Library Totals

    ----------------------------------------------------------------------

==============================================================================


      Code (inc. data)   RO Data    RW Data    ZI Data      Debug   

     12032       1042        268        128      13256     414295   Grand Totals
     12032       1042        268        128      13256     414295   ELF Image Totals
     12032       1042        268        128          0          0   ROM Totals

==============================================================================

    Total RO  Size (Code + RO Data)                12300 (  12.01kB)
    Total RW  Size (RW Data + ZI Data)             13384 (  13.07kB)
    Total ROM Size (Code + RO Data + RW Data)      12428 (  12.14kB)

==============================================================================

